16:48:14 **** Build of configuration Debug for project RDFW_IOA_USB ****
make all 
Building file: ../src/usbio/spi/lsc_spi.c
Invoking: GNU RISC-V Cross C Compiler
riscv-none-embed-gcc -march=rv32imc -mabi=ilp32 -msmall-data-limit=8 -mno-save-restore -O0 -fmessage-length=0 -fsigned-char -ffunction-sections -fdata-sections  -g3 -DLSCC_STDIO_UART_APB -I"C:\Users\whan\Documents\AppProject\USB_LIFCL_NX33U\RD_IOA_USB2_REVB\Riscv_FW\RDFW_IOA_USB/src" -I"C:\Users\whan\Documents\AppProject\USB_LIFCL_NX33U\RD_IOA_USB2_REVB\Riscv_FW\RDFW_IOA_USB/src/bsp" -I"C:\Users\whan\Documents\AppProject\USB_LIFCL_NX33U\RD_IOA_USB2_REVB\Riscv_FW\RDFW_IOA_USB/src/bsp/driver" -I"C:\Users\whan\Documents\AppProject\USB_LIFCL_NX33U\RD_IOA_USB2_REVB\Riscv_FW\RDFW_IOA_USB/src/bsp/driver/gpio" -I"C:\Users\whan\Documents\AppProject\USB_LIFCL_NX33U\RD_IOA_USB2_REVB\Riscv_FW\RDFW_IOA_USB/src/bsp/driver/i2c_controller" -I"C:\Users\whan\Documents\AppProject\USB_LIFCL_NX33U\RD_IOA_USB2_REVB\Riscv_FW\RDFW_IOA_USB/src/bsp/driver/riscv_mc" -I"C:\Users\whan\Documents\AppProject\USB_LIFCL_NX33U\RD_IOA_USB2_REVB\Riscv_FW\RDFW_IOA_USB/src/bsp/driver/spi_controller" -I"C:\Users\whan\Documents\AppProject\USB_LIFCL_NX33U\RD_IOA_USB2_REVB\Riscv_FW\RDFW_IOA_USB/src/bsp/driver/uart" -std=gnu11 --specs=picolibc.specs -DPICOLIBC_DOUBLE_PRINTF_SCANF -MMD -MP -MF"src/usbio/spi/lsc_spi.d" -MT"src/usbio/spi/lsc_spi.o" -c -o "src/usbio/spi/lsc_spi.o" "../src/usbio/spi/lsc_spi.c"
Finished building: ../src/usbio/spi/lsc_spi.c
 
Building file: ../src/usbio/spi/lsc_spi_req_mng.c
Invoking: GNU RISC-V Cross C Compiler
riscv-none-embed-gcc -march=rv32imc -mabi=ilp32 -msmall-data-limit=8 -mno-save-restore -O0 -fmessage-length=0 -fsigned-char -ffunction-sections -fdata-sections  -g3 -DLSCC_STDIO_UART_APB -I"C:\Users\whan\Documents\AppProject\USB_LIFCL_NX33U\RD_IOA_USB2_REVB\Riscv_FW\RDFW_IOA_USB/src" -I"C:\Users\whan\Documents\AppProject\USB_LIFCL_NX33U\RD_IOA_USB2_REVB\Riscv_FW\RDFW_IOA_USB/src/bsp" -I"C:\Users\whan\Documents\AppProject\USB_LIFCL_NX33U\RD_IOA_USB2_REVB\Riscv_FW\RDFW_IOA_USB/src/bsp/driver" -I"C:\Users\whan\Documents\AppProject\USB_LIFCL_NX33U\RD_IOA_USB2_REVB\Riscv_FW\RDFW_IOA_USB/src/bsp/driver/gpio" -I"C:\Users\whan\Documents\AppProject\USB_LIFCL_NX33U\RD_IOA_USB2_REVB\Riscv_FW\RDFW_IOA_USB/src/bsp/driver/i2c_controller" -I"C:\Users\whan\Documents\AppProject\USB_LIFCL_NX33U\RD_IOA_USB2_REVB\Riscv_FW\RDFW_IOA_USB/src/bsp/driver/riscv_mc" -I"C:\Users\whan\Documents\AppProject\USB_LIFCL_NX33U\RD_IOA_USB2_REVB\Riscv_FW\RDFW_IOA_USB/src/bsp/driver/spi_controller" -I"C:\Users\whan\Documents\AppProject\USB_LIFCL_NX33U\RD_IOA_USB2_REVB\Riscv_FW\RDFW_IOA_USB/src/bsp/driver/uart" -std=gnu11 --specs=picolibc.specs -DPICOLIBC_DOUBLE_PRINTF_SCANF -MMD -MP -MF"src/usbio/spi/lsc_spi_req_mng.d" -MT"src/usbio/spi/lsc_spi_req_mng.o" -c -o "src/usbio/spi/lsc_spi_req_mng.o" "../src/usbio/spi/lsc_spi_req_mng.c"
Finished building: ../src/usbio/spi/lsc_spi_req_mng.c
 
Building file: ../src/usbio/i2c/lsc_i2c_req_mng.c
Invoking: GNU RISC-V Cross C Compiler
riscv-none-embed-gcc -march=rv32imc -mabi=ilp32 -msmall-data-limit=8 -mno-save-restore -O0 -fmessage-length=0 -fsigned-char -ffunction-sections -fdata-sections  -g3 -DLSCC_STDIO_UART_APB -I"C:\Users\whan\Documents\AppProject\USB_LIFCL_NX33U\RD_IOA_USB2_REVB\Riscv_FW\RDFW_IOA_USB/src" -I"C:\Users\whan\Documents\AppProject\USB_LIFCL_NX33U\RD_IOA_USB2_REVB\Riscv_FW\RDFW_IOA_USB/src/bsp" -I"C:\Users\whan\Documents\AppProject\USB_LIFCL_NX33U\RD_IOA_USB2_REVB\Riscv_FW\RDFW_IOA_USB/src/bsp/driver" -I"C:\Users\whan\Documents\AppProject\USB_LIFCL_NX33U\RD_IOA_USB2_REVB\Riscv_FW\RDFW_IOA_USB/src/bsp/driver/gpio" -I"C:\Users\whan\Documents\AppProject\USB_LIFCL_NX33U\RD_IOA_USB2_REVB\Riscv_FW\RDFW_IOA_USB/src/bsp/driver/i2c_controller" -I"C:\Users\whan\Documents\AppProject\USB_LIFCL_NX33U\RD_IOA_USB2_REVB\Riscv_FW\RDFW_IOA_USB/src/bsp/driver/riscv_mc" -I"C:\Users\whan\Documents\AppProject\USB_LIFCL_NX33U\RD_IOA_USB2_REVB\Riscv_FW\RDFW_IOA_USB/src/bsp/driver/spi_controller" -I"C:\Users\whan\Documents\AppProject\USB_LIFCL_NX33U\RD_IOA_USB2_REVB\Riscv_FW\RDFW_IOA_USB/src/bsp/driver/uart" -std=gnu11 --specs=picolibc.specs -DPICOLIBC_DOUBLE_PRINTF_SCANF -MMD -MP -MF"src/usbio/i2c/lsc_i2c_req_mng.d" -MT"src/usbio/i2c/lsc_i2c_req_mng.o" -c -o "src/usbio/i2c/lsc_i2c_req_mng.o" "../src/usbio/i2c/lsc_i2c_req_mng.c"
Finished building: ../src/usbio/i2c/lsc_i2c_req_mng.c
 
Building file: ../src/usbio/gpio/lsc_gpio.c
Invoking: GNU RISC-V Cross C Compiler
riscv-none-embed-gcc -march=rv32imc -mabi=ilp32 -msmall-data-limit=8 -mno-save-restore -O0 -fmessage-length=0 -fsigned-char -ffunction-sections -fdata-sections  -g3 -DLSCC_STDIO_UART_APB -I"C:\Users\whan\Documents\AppProject\USB_LIFCL_NX33U\RD_IOA_USB2_REVB\Riscv_FW\RDFW_IOA_USB/src" -I"C:\Users\whan\Documents\AppProject\USB_LIFCL_NX33U\RD_IOA_USB2_REVB\Riscv_FW\RDFW_IOA_USB/src/bsp" -I"C:\Users\whan\Documents\AppProject\USB_LIFCL_NX33U\RD_IOA_USB2_REVB\Riscv_FW\RDFW_IOA_USB/src/bsp/driver" -I"C:\Users\whan\Documents\AppProject\USB_LIFCL_NX33U\RD_IOA_USB2_REVB\Riscv_FW\RDFW_IOA_USB/src/bsp/driver/gpio" -I"C:\Users\whan\Documents\AppProject\USB_LIFCL_NX33U\RD_IOA_USB2_REVB\Riscv_FW\RDFW_IOA_USB/src/bsp/driver/i2c_controller" -I"C:\Users\whan\Documents\AppProject\USB_LIFCL_NX33U\RD_IOA_USB2_REVB\Riscv_FW\RDFW_IOA_USB/src/bsp/driver/riscv_mc" -I"C:\Users\whan\Documents\AppProject\USB_LIFCL_NX33U\RD_IOA_USB2_REVB\Riscv_FW\RDFW_IOA_USB/src/bsp/driver/spi_controller" -I"C:\Users\whan\Documents\AppProject\USB_LIFCL_NX33U\RD_IOA_USB2_REVB\Riscv_FW\RDFW_IOA_USB/src/bsp/driver/uart" -std=gnu11 --specs=picolibc.specs -DPICOLIBC_DOUBLE_PRINTF_SCANF -MMD -MP -MF"src/usbio/gpio/lsc_gpio.d" -MT"src/usbio/gpio/lsc_gpio.o" -c -o "src/usbio/gpio/lsc_gpio.o" "../src/usbio/gpio/lsc_gpio.c"
Finished building: ../src/usbio/gpio/lsc_gpio.c
 
Building file: ../src/bsp/driver/uart/uart.c
Invoking: GNU RISC-V Cross C Compiler
riscv-none-embed-gcc -march=rv32imc -mabi=ilp32 -msmall-data-limit=8 -mno-save-restore -O0 -fmessage-length=0 -fsigned-char -ffunction-sections -fdata-sections  -g3 -DLSCC_STDIO_UART_APB -I"C:\Users\whan\Documents\AppProject\USB_LIFCL_NX33U\RD_IOA_USB2_REVB\Riscv_FW\RDFW_IOA_USB/src" -I"C:\Users\whan\Documents\AppProject\USB_LIFCL_NX33U\RD_IOA_USB2_REVB\Riscv_FW\RDFW_IOA_USB/src/bsp" -I"C:\Users\whan\Documents\AppProject\USB_LIFCL_NX33U\RD_IOA_USB2_REVB\Riscv_FW\RDFW_IOA_USB/src/bsp/driver" -I"C:\Users\whan\Documents\AppProject\USB_LIFCL_NX33U\RD_IOA_USB2_REVB\Riscv_FW\RDFW_IOA_USB/src/bsp/driver/gpio" -I"C:\Users\whan\Documents\AppProject\USB_LIFCL_NX33U\RD_IOA_USB2_REVB\Riscv_FW\RDFW_IOA_USB/src/bsp/driver/i2c_controller" -I"C:\Users\whan\Documents\AppProject\USB_LIFCL_NX33U\RD_IOA_USB2_REVB\Riscv_FW\RDFW_IOA_USB/src/bsp/driver/riscv_mc" -I"C:\Users\whan\Documents\AppProject\USB_LIFCL_NX33U\RD_IOA_USB2_REVB\Riscv_FW\RDFW_IOA_USB/src/bsp/driver/spi_controller" -I"C:\Users\whan\Documents\AppProject\USB_LIFCL_NX33U\RD_IOA_USB2_REVB\Riscv_FW\RDFW_IOA_USB/src/bsp/driver/uart" -std=gnu11 --specs=picolibc.specs -DPICOLIBC_DOUBLE_PRINTF_SCANF -MMD -MP -MF"src/bsp/driver/uart/uart.d" -MT"src/bsp/driver/uart/uart.o" -c -o "src/bsp/driver/uart/uart.o" "../src/bsp/driver/uart/uart.c"
Finished building: ../src/bsp/driver/uart/uart.c
 
Building file: ../src/bsp/driver/spi_controller/spi_master.c
Invoking: GNU RISC-V Cross C Compiler
riscv-none-embed-gcc -march=rv32imc -mabi=ilp32 -msmall-data-limit=8 -mno-save-restore -O0 -fmessage-length=0 -fsigned-char -ffunction-sections -fdata-sections  -g3 -DLSCC_STDIO_UART_APB -I"C:\Users\whan\Documents\AppProject\USB_LIFCL_NX33U\RD_IOA_USB2_REVB\Riscv_FW\RDFW_IOA_USB/src" -I"C:\Users\whan\Documents\AppProject\USB_LIFCL_NX33U\RD_IOA_USB2_REVB\Riscv_FW\RDFW_IOA_USB/src/bsp" -I"C:\Users\whan\Documents\AppProject\USB_LIFCL_NX33U\RD_IOA_USB2_REVB\Riscv_FW\RDFW_IOA_USB/src/bsp/driver" -I"C:\Users\whan\Documents\AppProject\USB_LIFCL_NX33U\RD_IOA_USB2_REVB\Riscv_FW\RDFW_IOA_USB/src/bsp/driver/gpio" -I"C:\Users\whan\Documents\AppProject\USB_LIFCL_NX33U\RD_IOA_USB2_REVB\Riscv_FW\RDFW_IOA_USB/src/bsp/driver/i2c_controller" -I"C:\Users\whan\Documents\AppProject\USB_LIFCL_NX33U\RD_IOA_USB2_REVB\Riscv_FW\RDFW_IOA_USB/src/bsp/driver/riscv_mc" -I"C:\Users\whan\Documents\AppProject\USB_LIFCL_NX33U\RD_IOA_USB2_REVB\Riscv_FW\RDFW_IOA_USB/src/bsp/driver/spi_controller" -I"C:\Users\whan\Documents\AppProject\USB_LIFCL_NX33U\RD_IOA_USB2_REVB\Riscv_FW\RDFW_IOA_USB/src/bsp/driver/uart" -std=gnu11 --specs=picolibc.specs -DPICOLIBC_DOUBLE_PRINTF_SCANF -MMD -MP -MF"src/bsp/driver/spi_controller/spi_master.d" -MT"src/bsp/driver/spi_controller/spi_master.o" -c -o "src/bsp/driver/spi_controller/spi_master.o" "../src/bsp/driver/spi_controller/spi_master.c"
Finished building: ../src/bsp/driver/spi_controller/spi_master.c
 
Building file: ../src/bsp/driver/riscv_mc/cache.c
Invoking: GNU RISC-V Cross C Compiler
riscv-none-embed-gcc -march=rv32imc -mabi=ilp32 -msmall-data-limit=8 -mno-save-restore -O0 -fmessage-length=0 -fsigned-char -ffunction-sections -fdata-sections  -g3 -DLSCC_STDIO_UART_APB -I"C:\Users\whan\Documents\AppProject\USB_LIFCL_NX33U\RD_IOA_USB2_REVB\Riscv_FW\RDFW_IOA_USB/src" -I"C:\Users\whan\Documents\AppProject\USB_LIFCL_NX33U\RD_IOA_USB2_REVB\Riscv_FW\RDFW_IOA_USB/src/bsp" -I"C:\Users\whan\Documents\AppProject\USB_LIFCL_NX33U\RD_IOA_USB2_REVB\Riscv_FW\RDFW_IOA_USB/src/bsp/driver" -I"C:\Users\whan\Documents\AppProject\USB_LIFCL_NX33U\RD_IOA_USB2_REVB\Riscv_FW\RDFW_IOA_USB/src/bsp/driver/gpio" -I"C:\Users\whan\Documents\AppProject\USB_LIFCL_NX33U\RD_IOA_USB2_REVB\Riscv_FW\RDFW_IOA_USB/src/bsp/driver/i2c_controller" -I"C:\Users\whan\Documents\AppProject\USB_LIFCL_NX33U\RD_IOA_USB2_REVB\Riscv_FW\RDFW_IOA_USB/src/bsp/driver/riscv_mc" -I"C:\Users\whan\Documents\AppProject\USB_LIFCL_NX33U\RD_IOA_USB2_REVB\Riscv_FW\RDFW_IOA_USB/src/bsp/driver/spi_controller" -I"C:\Users\whan\Documents\AppProject\USB_LIFCL_NX33U\RD_IOA_USB2_REVB\Riscv_FW\RDFW_IOA_USB/src/bsp/driver/uart" -std=gnu11 --specs=picolibc.specs -DPICOLIBC_DOUBLE_PRINTF_SCANF -MMD -MP -MF"src/bsp/driver/riscv_mc/cache.d" -MT"src/bsp/driver/riscv_mc/cache.o" -c -o "src/bsp/driver/riscv_mc/cache.o" "../src/bsp/driver/riscv_mc/cache.c"
Finished building: ../src/bsp/driver/riscv_mc/cache.c
 
Building file: ../src/bsp/driver/riscv_mc/crt0.S
Invoking: GNU RISC-V Cross Assembler
riscv-none-embed-gcc -march=rv32imc -mabi=ilp32 -msmall-data-limit=8 -mno-save-restore -O0 -fmessage-length=0 -fsigned-char -ffunction-sections -fdata-sections  -g3 -x assembler-with-cpp -MMD -MP -MF"src/bsp/driver/riscv_mc/crt0.d" -MT"src/bsp/driver/riscv_mc/crt0.o" -c -o "src/bsp/driver/riscv_mc/crt0.o" "../src/bsp/driver/riscv_mc/crt0.S"
Finished building: ../src/bsp/driver/riscv_mc/crt0.S
 
Building file: ../src/bsp/driver/riscv_mc/exit.c
Invoking: GNU RISC-V Cross C Compiler
riscv-none-embed-gcc -march=rv32imc -mabi=ilp32 -msmall-data-limit=8 -mno-save-restore -O0 -fmessage-length=0 -fsigned-char -ffunction-sections -fdata-sections  -g3 -DLSCC_STDIO_UART_APB -I"C:\Users\whan\Documents\AppProject\USB_LIFCL_NX33U\RD_IOA_USB2_REVB\Riscv_FW\RDFW_IOA_USB/src" -I"C:\Users\whan\Documents\AppProject\USB_LIFCL_NX33U\RD_IOA_USB2_REVB\Riscv_FW\RDFW_IOA_USB/src/bsp" -I"C:\Users\whan\Documents\AppProject\USB_LIFCL_NX33U\RD_IOA_USB2_REVB\Riscv_FW\RDFW_IOA_USB/src/bsp/driver" -I"C:\Users\whan\Documents\AppProject\USB_LIFCL_NX33U\RD_IOA_USB2_REVB\Riscv_FW\RDFW_IOA_USB/src/bsp/driver/gpio" -I"C:\Users\whan\Documents\AppProject\USB_LIFCL_NX33U\RD_IOA_USB2_REVB\Riscv_FW\RDFW_IOA_USB/src/bsp/driver/i2c_controller" -I"C:\Users\whan\Documents\AppProject\USB_LIFCL_NX33U\RD_IOA_USB2_REVB\Riscv_FW\RDFW_IOA_USB/src/bsp/driver/riscv_mc" -I"C:\Users\whan\Documents\AppProject\USB_LIFCL_NX33U\RD_IOA_USB2_REVB\Riscv_FW\RDFW_IOA_USB/src/bsp/driver/spi_controller" -I"C:\Users\whan\Documents\AppProject\USB_LIFCL_NX33U\RD_IOA_USB2_REVB\Riscv_FW\RDFW_IOA_USB/src/bsp/driver/uart" -std=gnu11 --specs=picolibc.specs -DPICOLIBC_DOUBLE_PRINTF_SCANF -MMD -MP -MF"src/bsp/driver/riscv_mc/exit.d" -MT"src/bsp/driver/riscv_mc/exit.o" -c -o "src/bsp/driver/riscv_mc/exit.o" "../src/bsp/driver/riscv_mc/exit.c"
Finished building: ../src/bsp/driver/riscv_mc/exit.c
 
Building file: ../src/bsp/driver/riscv_mc/interrupt.c
Invoking: GNU RISC-V Cross C Compiler
riscv-none-embed-gcc -march=rv32imc -mabi=ilp32 -msmall-data-limit=8 -mno-save-restore -O0 -fmessage-length=0 -fsigned-char -ffunction-sections -fdata-sections  -g3 -DLSCC_STDIO_UART_APB -I"C:\Users\whan\Documents\AppProject\USB_LIFCL_NX33U\RD_IOA_USB2_REVB\Riscv_FW\RDFW_IOA_USB/src" -I"C:\Users\whan\Documents\AppProject\USB_LIFCL_NX33U\RD_IOA_USB2_REVB\Riscv_FW\RDFW_IOA_USB/src/bsp" -I"C:\Users\whan\Documents\AppProject\USB_LIFCL_NX33U\RD_IOA_USB2_REVB\Riscv_FW\RDFW_IOA_USB/src/bsp/driver" -I"C:\Users\whan\Documents\AppProject\USB_LIFCL_NX33U\RD_IOA_USB2_REVB\Riscv_FW\RDFW_IOA_USB/src/bsp/driver/gpio" -I"C:\Users\whan\Documents\AppProject\USB_LIFCL_NX33U\RD_IOA_USB2_REVB\Riscv_FW\RDFW_IOA_USB/src/bsp/driver/i2c_controller" -I"C:\Users\whan\Documents\AppProject\USB_LIFCL_NX33U\RD_IOA_USB2_REVB\Riscv_FW\RDFW_IOA_USB/src/bsp/driver/riscv_mc" -I"C:\Users\whan\Documents\AppProject\USB_LIFCL_NX33U\RD_IOA_USB2_REVB\Riscv_FW\RDFW_IOA_USB/src/bsp/driver/spi_controller" -I"C:\Users\whan\Documents\AppProject\USB_LIFCL_NX33U\RD_IOA_USB2_REVB\Riscv_FW\RDFW_IOA_USB/src/bsp/driver/uart" -std=gnu11 --specs=picolibc.specs -DPICOLIBC_DOUBLE_PRINTF_SCANF -MMD -MP -MF"src/bsp/driver/riscv_mc/interrupt.d" -MT"src/bsp/driver/riscv_mc/interrupt.o" -c -o "src/bsp/driver/riscv_mc/interrupt.o" "../src/bsp/driver/riscv_mc/interrupt.c"
Finished building: ../src/bsp/driver/riscv_mc/interrupt.c
 
Building file: ../src/bsp/driver/riscv_mc/iob.c
Invoking: GNU RISC-V Cross C Compiler
riscv-none-embed-gcc -march=rv32imc -mabi=ilp32 -msmall-data-limit=8 -mno-save-restore -O0 -fmessage-length=0 -fsigned-char -ffunction-sections -fdata-sections  -g3 -DLSCC_STDIO_UART_APB -I"C:\Users\whan\Documents\AppProject\USB_LIFCL_NX33U\RD_IOA_USB2_REVB\Riscv_FW\RDFW_IOA_USB/src" -I"C:\Users\whan\Documents\AppProject\USB_LIFCL_NX33U\RD_IOA_USB2_REVB\Riscv_FW\RDFW_IOA_USB/src/bsp" -I"C:\Users\whan\Documents\AppProject\USB_LIFCL_NX33U\RD_IOA_USB2_REVB\Riscv_FW\RDFW_IOA_USB/src/bsp/driver" -I"C:\Users\whan\Documents\AppProject\USB_LIFCL_NX33U\RD_IOA_USB2_REVB\Riscv_FW\RDFW_IOA_USB/src/bsp/driver/gpio" -I"C:\Users\whan\Documents\AppProject\USB_LIFCL_NX33U\RD_IOA_USB2_REVB\Riscv_FW\RDFW_IOA_USB/src/bsp/driver/i2c_controller" -I"C:\Users\whan\Documents\AppProject\USB_LIFCL_NX33U\RD_IOA_USB2_REVB\Riscv_FW\RDFW_IOA_USB/src/bsp/driver/riscv_mc" -I"C:\Users\whan\Documents\AppProject\USB_LIFCL_NX33U\RD_IOA_USB2_REVB\Riscv_FW\RDFW_IOA_USB/src/bsp/driver/spi_controller" -I"C:\Users\whan\Documents\AppProject\USB_LIFCL_NX33U\RD_IOA_USB2_REVB\Riscv_FW\RDFW_IOA_USB/src/bsp/driver/uart" -std=gnu11 --specs=picolibc.specs -DPICOLIBC_DOUBLE_PRINTF_SCANF -MMD -MP -MF"src/bsp/driver/riscv_mc/iob.d" -MT"src/bsp/driver/riscv_mc/iob.o" -c -o "src/bsp/driver/riscv_mc/iob.o" "../src/bsp/driver/riscv_mc/iob.c"
Finished building: ../src/bsp/driver/riscv_mc/iob.c
 
Building file: ../src/bsp/driver/riscv_mc/pic.c
Invoking: GNU RISC-V Cross C Compiler
riscv-none-embed-gcc -march=rv32imc -mabi=ilp32 -msmall-data-limit=8 -mno-save-restore -O0 -fmessage-length=0 -fsigned-char -ffunction-sections -fdata-sections  -g3 -DLSCC_STDIO_UART_APB -I"C:\Users\whan\Documents\AppProject\USB_LIFCL_NX33U\RD_IOA_USB2_REVB\Riscv_FW\RDFW_IOA_USB/src" -I"C:\Users\whan\Documents\AppProject\USB_LIFCL_NX33U\RD_IOA_USB2_REVB\Riscv_FW\RDFW_IOA_USB/src/bsp" -I"C:\Users\whan\Documents\AppProject\USB_LIFCL_NX33U\RD_IOA_USB2_REVB\Riscv_FW\RDFW_IOA_USB/src/bsp/driver" -I"C:\Users\whan\Documents\AppProject\USB_LIFCL_NX33U\RD_IOA_USB2_REVB\Riscv_FW\RDFW_IOA_USB/src/bsp/driver/gpio" -I"C:\Users\whan\Documents\AppProject\USB_LIFCL_NX33U\RD_IOA_USB2_REVB\Riscv_FW\RDFW_IOA_USB/src/bsp/driver/i2c_controller" -I"C:\Users\whan\Documents\AppProject\USB_LIFCL_NX33U\RD_IOA_USB2_REVB\Riscv_FW\RDFW_IOA_USB/src/bsp/driver/riscv_mc" -I"C:\Users\whan\Documents\AppProject\USB_LIFCL_NX33U\RD_IOA_USB2_REVB\Riscv_FW\RDFW_IOA_USB/src/bsp/driver/spi_controller" -I"C:\Users\whan\Documents\AppProject\USB_LIFCL_NX33U\RD_IOA_USB2_REVB\Riscv_FW\RDFW_IOA_USB/src/bsp/driver/uart" -std=gnu11 --specs=picolibc.specs -DPICOLIBC_DOUBLE_PRINTF_SCANF -MMD -MP -MF"src/bsp/driver/riscv_mc/pic.d" -MT"src/bsp/driver/riscv_mc/pic.o" -c -o "src/bsp/driver/riscv_mc/pic.o" "../src/bsp/driver/riscv_mc/pic.c"
Finished building: ../src/bsp/driver/riscv_mc/pic.c
 
Building file: ../src/bsp/driver/riscv_mc/reg_access.c
Invoking: GNU RISC-V Cross C Compiler
riscv-none-embed-gcc -march=rv32imc -mabi=ilp32 -msmall-data-limit=8 -mno-save-restore -O0 -fmessage-length=0 -fsigned-char -ffunction-sections -fdata-sections  -g3 -DLSCC_STDIO_UART_APB -I"C:\Users\whan\Documents\AppProject\USB_LIFCL_NX33U\RD_IOA_USB2_REVB\Riscv_FW\RDFW_IOA_USB/src" -I"C:\Users\whan\Documents\AppProject\USB_LIFCL_NX33U\RD_IOA_USB2_REVB\Riscv_FW\RDFW_IOA_USB/src/bsp" -I"C:\Users\whan\Documents\AppProject\USB_LIFCL_NX33U\RD_IOA_USB2_REVB\Riscv_FW\RDFW_IOA_USB/src/bsp/driver" -I"C:\Users\whan\Documents\AppProject\USB_LIFCL_NX33U\RD_IOA_USB2_REVB\Riscv_FW\RDFW_IOA_USB/src/bsp/driver/gpio" -I"C:\Users\whan\Documents\AppProject\USB_LIFCL_NX33U\RD_IOA_USB2_REVB\Riscv_FW\RDFW_IOA_USB/src/bsp/driver/i2c_controller" -I"C:\Users\whan\Documents\AppProject\USB_LIFCL_NX33U\RD_IOA_USB2_REVB\Riscv_FW\RDFW_IOA_USB/src/bsp/driver/riscv_mc" -I"C:\Users\whan\Documents\AppProject\USB_LIFCL_NX33U\RD_IOA_USB2_REVB\Riscv_FW\RDFW_IOA_USB/src/bsp/driver/spi_controller" -I"C:\Users\whan\Documents\AppProject\USB_LIFCL_NX33U\RD_IOA_USB2_REVB\Riscv_FW\RDFW_IOA_USB/src/bsp/driver/uart" -std=gnu11 --specs=picolibc.specs -DPICOLIBC_DOUBLE_PRINTF_SCANF -MMD -MP -MF"src/bsp/driver/riscv_mc/reg_access.d" -MT"src/bsp/driver/riscv_mc/reg_access.o" -c -o "src/bsp/driver/riscv_mc/reg_access.o" "../src/bsp/driver/riscv_mc/reg_access.c"
Finished building: ../src/bsp/driver/riscv_mc/reg_access.c
 
Building file: ../src/bsp/driver/riscv_mc/timer.c
Invoking: GNU RISC-V Cross C Compiler
riscv-none-embed-gcc -march=rv32imc -mabi=ilp32 -msmall-data-limit=8 -mno-save-restore -O0 -fmessage-length=0 -fsigned-char -ffunction-sections -fdata-sections  -g3 -DLSCC_STDIO_UART_APB -I"C:\Users\whan\Documents\AppProject\USB_LIFCL_NX33U\RD_IOA_USB2_REVB\Riscv_FW\RDFW_IOA_USB/src" -I"C:\Users\whan\Documents\AppProject\USB_LIFCL_NX33U\RD_IOA_USB2_REVB\Riscv_FW\RDFW_IOA_USB/src/bsp" -I"C:\Users\whan\Documents\AppProject\USB_LIFCL_NX33U\RD_IOA_USB2_REVB\Riscv_FW\RDFW_IOA_USB/src/bsp/driver" -I"C:\Users\whan\Documents\AppProject\USB_LIFCL_NX33U\RD_IOA_USB2_REVB\Riscv_FW\RDFW_IOA_USB/src/bsp/driver/gpio" -I"C:\Users\whan\Documents\AppProject\USB_LIFCL_NX33U\RD_IOA_USB2_REVB\Riscv_FW\RDFW_IOA_USB/src/bsp/driver/i2c_controller" -I"C:\Users\whan\Documents\AppProject\USB_LIFCL_NX33U\RD_IOA_USB2_REVB\Riscv_FW\RDFW_IOA_USB/src/bsp/driver/riscv_mc" -I"C:\Users\whan\Documents\AppProject\USB_LIFCL_NX33U\RD_IOA_USB2_REVB\Riscv_FW\RDFW_IOA_USB/src/bsp/driver/spi_controller" -I"C:\Users\whan\Documents\AppProject\USB_LIFCL_NX33U\RD_IOA_USB2_REVB\Riscv_FW\RDFW_IOA_USB/src/bsp/driver/uart" -std=gnu11 --specs=picolibc.specs -DPICOLIBC_DOUBLE_PRINTF_SCANF -MMD -MP -MF"src/bsp/driver/riscv_mc/timer.d" -MT"src/bsp/driver/riscv_mc/timer.o" -c -o "src/bsp/driver/riscv_mc/timer.o" "../src/bsp/driver/riscv_mc/timer.c"
Finished building: ../src/bsp/driver/riscv_mc/timer.c
 
Building file: ../src/bsp/driver/riscv_mc/util.c
Invoking: GNU RISC-V Cross C Compiler
riscv-none-embed-gcc -march=rv32imc -mabi=ilp32 -msmall-data-limit=8 -mno-save-restore -O0 -fmessage-length=0 -fsigned-char -ffunction-sections -fdata-sections  -g3 -DLSCC_STDIO_UART_APB -I"C:\Users\whan\Documents\AppProject\USB_LIFCL_NX33U\RD_IOA_USB2_REVB\Riscv_FW\RDFW_IOA_USB/src" -I"C:\Users\whan\Documents\AppProject\USB_LIFCL_NX33U\RD_IOA_USB2_REVB\Riscv_FW\RDFW_IOA_USB/src/bsp" -I"C:\Users\whan\Documents\AppProject\USB_LIFCL_NX33U\RD_IOA_USB2_REVB\Riscv_FW\RDFW_IOA_USB/src/bsp/driver" -I"C:\Users\whan\Documents\AppProject\USB_LIFCL_NX33U\RD_IOA_USB2_REVB\Riscv_FW\RDFW_IOA_USB/src/bsp/driver/gpio" -I"C:\Users\whan\Documents\AppProject\USB_LIFCL_NX33U\RD_IOA_USB2_REVB\Riscv_FW\RDFW_IOA_USB/src/bsp/driver/i2c_controller" -I"C:\Users\whan\Documents\AppProject\USB_LIFCL_NX33U\RD_IOA_USB2_REVB\Riscv_FW\RDFW_IOA_USB/src/bsp/driver/riscv_mc" -I"C:\Users\whan\Documents\AppProject\USB_LIFCL_NX33U\RD_IOA_USB2_REVB\Riscv_FW\RDFW_IOA_USB/src/bsp/driver/spi_controller" -I"C:\Users\whan\Documents\AppProject\USB_LIFCL_NX33U\RD_IOA_USB2_REVB\Riscv_FW\RDFW_IOA_USB/src/bsp/driver/uart" -std=gnu11 --specs=picolibc.specs -DPICOLIBC_DOUBLE_PRINTF_SCANF -MMD -MP -MF"src/bsp/driver/riscv_mc/util.d" -MT"src/bsp/driver/riscv_mc/util.o" -c -o "src/bsp/driver/riscv_mc/util.o" "../src/bsp/driver/riscv_mc/util.c"
Finished building: ../src/bsp/driver/riscv_mc/util.c
 
Building file: ../src/bsp/driver/i2c_controller/i2c_master.c
Invoking: GNU RISC-V Cross C Compiler
riscv-none-embed-gcc -march=rv32imc -mabi=ilp32 -msmall-data-limit=8 -mno-save-restore -O0 -fmessage-length=0 -fsigned-char -ffunction-sections -fdata-sections  -g3 -DLSCC_STDIO_UART_APB -I"C:\Users\whan\Documents\AppProject\USB_LIFCL_NX33U\RD_IOA_USB2_REVB\Riscv_FW\RDFW_IOA_USB/src" -I"C:\Users\whan\Documents\AppProject\USB_LIFCL_NX33U\RD_IOA_USB2_REVB\Riscv_FW\RDFW_IOA_USB/src/bsp" -I"C:\Users\whan\Documents\AppProject\USB_LIFCL_NX33U\RD_IOA_USB2_REVB\Riscv_FW\RDFW_IOA_USB/src/bsp/driver" -I"C:\Users\whan\Documents\AppProject\USB_LIFCL_NX33U\RD_IOA_USB2_REVB\Riscv_FW\RDFW_IOA_USB/src/bsp/driver/gpio" -I"C:\Users\whan\Documents\AppProject\USB_LIFCL_NX33U\RD_IOA_USB2_REVB\Riscv_FW\RDFW_IOA_USB/src/bsp/driver/i2c_controller" -I"C:\Users\whan\Documents\AppProject\USB_LIFCL_NX33U\RD_IOA_USB2_REVB\Riscv_FW\RDFW_IOA_USB/src/bsp/driver/riscv_mc" -I"C:\Users\whan\Documents\AppProject\USB_LIFCL_NX33U\RD_IOA_USB2_REVB\Riscv_FW\RDFW_IOA_USB/src/bsp/driver/spi_controller" -I"C:\Users\whan\Documents\AppProject\USB_LIFCL_NX33U\RD_IOA_USB2_REVB\Riscv_FW\RDFW_IOA_USB/src/bsp/driver/uart" -std=gnu11 --specs=picolibc.specs -DPICOLIBC_DOUBLE_PRINTF_SCANF -MMD -MP -MF"src/bsp/driver/i2c_controller/i2c_master.d" -MT"src/bsp/driver/i2c_controller/i2c_master.o" -c -o "src/bsp/driver/i2c_controller/i2c_master.o" "../src/bsp/driver/i2c_controller/i2c_master.c"
Finished building: ../src/bsp/driver/i2c_controller/i2c_master.c
 
Building file: ../src/bsp/driver/gpio/gpio.c
Invoking: GNU RISC-V Cross C Compiler
riscv-none-embed-gcc -march=rv32imc -mabi=ilp32 -msmall-data-limit=8 -mno-save-restore -O0 -fmessage-length=0 -fsigned-char -ffunction-sections -fdata-sections  -g3 -DLSCC_STDIO_UART_APB -I"C:\Users\whan\Documents\AppProject\USB_LIFCL_NX33U\RD_IOA_USB2_REVB\Riscv_FW\RDFW_IOA_USB/src" -I"C:\Users\whan\Documents\AppProject\USB_LIFCL_NX33U\RD_IOA_USB2_REVB\Riscv_FW\RDFW_IOA_USB/src/bsp" -I"C:\Users\whan\Documents\AppProject\USB_LIFCL_NX33U\RD_IOA_USB2_REVB\Riscv_FW\RDFW_IOA_USB/src/bsp/driver" -I"C:\Users\whan\Documents\AppProject\USB_LIFCL_NX33U\RD_IOA_USB2_REVB\Riscv_FW\RDFW_IOA_USB/src/bsp/driver/gpio" -I"C:\Users\whan\Documents\AppProject\USB_LIFCL_NX33U\RD_IOA_USB2_REVB\Riscv_FW\RDFW_IOA_USB/src/bsp/driver/i2c_controller" -I"C:\Users\whan\Documents\AppProject\USB_LIFCL_NX33U\RD_IOA_USB2_REVB\Riscv_FW\RDFW_IOA_USB/src/bsp/driver/riscv_mc" -I"C:\Users\whan\Documents\AppProject\USB_LIFCL_NX33U\RD_IOA_USB2_REVB\Riscv_FW\RDFW_IOA_USB/src/bsp/driver/spi_controller" -I"C:\Users\whan\Documents\AppProject\USB_LIFCL_NX33U\RD_IOA_USB2_REVB\Riscv_FW\RDFW_IOA_USB/src/bsp/driver/uart" -std=gnu11 --specs=picolibc.specs -DPICOLIBC_DOUBLE_PRINTF_SCANF -MMD -MP -MF"src/bsp/driver/gpio/gpio.d" -MT"src/bsp/driver/gpio/gpio.o" -c -o "src/bsp/driver/gpio/gpio.o" "../src/bsp/driver/gpio/gpio.c"
Finished building: ../src/bsp/driver/gpio/gpio.c
 
Building file: ../src/lsc_command.c
Invoking: GNU RISC-V Cross C Compiler
riscv-none-embed-gcc -march=rv32imc -mabi=ilp32 -msmall-data-limit=8 -mno-save-restore -O0 -fmessage-length=0 -fsigned-char -ffunction-sections -fdata-sections  -g3 -DLSCC_STDIO_UART_APB -I"C:\Users\whan\Documents\AppProject\USB_LIFCL_NX33U\RD_IOA_USB2_REVB\Riscv_FW\RDFW_IOA_USB/src" -I"C:\Users\whan\Documents\AppProject\USB_LIFCL_NX33U\RD_IOA_USB2_REVB\Riscv_FW\RDFW_IOA_USB/src/bsp" -I"C:\Users\whan\Documents\AppProject\USB_LIFCL_NX33U\RD_IOA_USB2_REVB\Riscv_FW\RDFW_IOA_USB/src/bsp/driver" -I"C:\Users\whan\Documents\AppProject\USB_LIFCL_NX33U\RD_IOA_USB2_REVB\Riscv_FW\RDFW_IOA_USB/src/bsp/driver/gpio" -I"C:\Users\whan\Documents\AppProject\USB_LIFCL_NX33U\RD_IOA_USB2_REVB\Riscv_FW\RDFW_IOA_USB/src/bsp/driver/i2c_controller" -I"C:\Users\whan\Documents\AppProject\USB_LIFCL_NX33U\RD_IOA_USB2_REVB\Riscv_FW\RDFW_IOA_USB/src/bsp/driver/riscv_mc" -I"C:\Users\whan\Documents\AppProject\USB_LIFCL_NX33U\RD_IOA_USB2_REVB\Riscv_FW\RDFW_IOA_USB/src/bsp/driver/spi_controller" -I"C:\Users\whan\Documents\AppProject\USB_LIFCL_NX33U\RD_IOA_USB2_REVB\Riscv_FW\RDFW_IOA_USB/src/bsp/driver/uart" -std=gnu11 --specs=picolibc.specs -DPICOLIBC_DOUBLE_PRINTF_SCANF -MMD -MP -MF"src/lsc_command.d" -MT"src/lsc_command.o" -c -o "src/lsc_command.o" "../src/lsc_command.c"
Finished building: ../src/lsc_command.c
 
Building file: ../src/lsc_ctrl_xfer.c
Invoking: GNU RISC-V Cross C Compiler
riscv-none-embed-gcc -march=rv32imc -mabi=ilp32 -msmall-data-limit=8 -mno-save-restore -O0 -fmessage-length=0 -fsigned-char -ffunction-sections -fdata-sections  -g3 -DLSCC_STDIO_UART_APB -I"C:\Users\whan\Documents\AppProject\USB_LIFCL_NX33U\RD_IOA_USB2_REVB\Riscv_FW\RDFW_IOA_USB/src" -I"C:\Users\whan\Documents\AppProject\USB_LIFCL_NX33U\RD_IOA_USB2_REVB\Riscv_FW\RDFW_IOA_USB/src/bsp" -I"C:\Users\whan\Documents\AppProject\USB_LIFCL_NX33U\RD_IOA_USB2_REVB\Riscv_FW\RDFW_IOA_USB/src/bsp/driver" -I"C:\Users\whan\Documents\AppProject\USB_LIFCL_NX33U\RD_IOA_USB2_REVB\Riscv_FW\RDFW_IOA_USB/src/bsp/driver/gpio" -I"C:\Users\whan\Documents\AppProject\USB_LIFCL_NX33U\RD_IOA_USB2_REVB\Riscv_FW\RDFW_IOA_USB/src/bsp/driver/i2c_controller" -I"C:\Users\whan\Documents\AppProject\USB_LIFCL_NX33U\RD_IOA_USB2_REVB\Riscv_FW\RDFW_IOA_USB/src/bsp/driver/riscv_mc" -I"C:\Users\whan\Documents\AppProject\USB_LIFCL_NX33U\RD_IOA_USB2_REVB\Riscv_FW\RDFW_IOA_USB/src/bsp/driver/spi_controller" -I"C:\Users\whan\Documents\AppProject\USB_LIFCL_NX33U\RD_IOA_USB2_REVB\Riscv_FW\RDFW_IOA_USB/src/bsp/driver/uart" -std=gnu11 --specs=picolibc.specs -DPICOLIBC_DOUBLE_PRINTF_SCANF -MMD -MP -MF"src/lsc_ctrl_xfer.d" -MT"src/lsc_ctrl_xfer.o" -c -o "src/lsc_ctrl_xfer.o" "../src/lsc_ctrl_xfer.c"
Finished building: ../src/lsc_ctrl_xfer.c
 
Building file: ../src/lsc_endpoint.c
Invoking: GNU RISC-V Cross C Compiler
riscv-none-embed-gcc -march=rv32imc -mabi=ilp32 -msmall-data-limit=8 -mno-save-restore -O0 -fmessage-length=0 -fsigned-char -ffunction-sections -fdata-sections  -g3 -DLSCC_STDIO_UART_APB -I"C:\Users\whan\Documents\AppProject\USB_LIFCL_NX33U\RD_IOA_USB2_REVB\Riscv_FW\RDFW_IOA_USB/src" -I"C:\Users\whan\Documents\AppProject\USB_LIFCL_NX33U\RD_IOA_USB2_REVB\Riscv_FW\RDFW_IOA_USB/src/bsp" -I"C:\Users\whan\Documents\AppProject\USB_LIFCL_NX33U\RD_IOA_USB2_REVB\Riscv_FW\RDFW_IOA_USB/src/bsp/driver" -I"C:\Users\whan\Documents\AppProject\USB_LIFCL_NX33U\RD_IOA_USB2_REVB\Riscv_FW\RDFW_IOA_USB/src/bsp/driver/gpio" -I"C:\Users\whan\Documents\AppProject\USB_LIFCL_NX33U\RD_IOA_USB2_REVB\Riscv_FW\RDFW_IOA_USB/src/bsp/driver/i2c_controller" -I"C:\Users\whan\Documents\AppProject\USB_LIFCL_NX33U\RD_IOA_USB2_REVB\Riscv_FW\RDFW_IOA_USB/src/bsp/driver/riscv_mc" -I"C:\Users\whan\Documents\AppProject\USB_LIFCL_NX33U\RD_IOA_USB2_REVB\Riscv_FW\RDFW_IOA_USB/src/bsp/driver/spi_controller" -I"C:\Users\whan\Documents\AppProject\USB_LIFCL_NX33U\RD_IOA_USB2_REVB\Riscv_FW\RDFW_IOA_USB/src/bsp/driver/uart" -std=gnu11 --specs=picolibc.specs -DPICOLIBC_DOUBLE_PRINTF_SCANF -MMD -MP -MF"src/lsc_endpoint.d" -MT"src/lsc_endpoint.o" -c -o "src/lsc_endpoint.o" "../src/lsc_endpoint.c"
Finished building: ../src/lsc_endpoint.c
 
Building file: ../src/lsc_ep0_handler.c
Invoking: GNU RISC-V Cross C Compiler
riscv-none-embed-gcc -march=rv32imc -mabi=ilp32 -msmall-data-limit=8 -mno-save-restore -O0 -fmessage-length=0 -fsigned-char -ffunction-sections -fdata-sections  -g3 -DLSCC_STDIO_UART_APB -I"C:\Users\whan\Documents\AppProject\USB_LIFCL_NX33U\RD_IOA_USB2_REVB\Riscv_FW\RDFW_IOA_USB/src" -I"C:\Users\whan\Documents\AppProject\USB_LIFCL_NX33U\RD_IOA_USB2_REVB\Riscv_FW\RDFW_IOA_USB/src/bsp" -I"C:\Users\whan\Documents\AppProject\USB_LIFCL_NX33U\RD_IOA_USB2_REVB\Riscv_FW\RDFW_IOA_USB/src/bsp/driver" -I"C:\Users\whan\Documents\AppProject\USB_LIFCL_NX33U\RD_IOA_USB2_REVB\Riscv_FW\RDFW_IOA_USB/src/bsp/driver/gpio" -I"C:\Users\whan\Documents\AppProject\USB_LIFCL_NX33U\RD_IOA_USB2_REVB\Riscv_FW\RDFW_IOA_USB/src/bsp/driver/i2c_controller" -I"C:\Users\whan\Documents\AppProject\USB_LIFCL_NX33U\RD_IOA_USB2_REVB\Riscv_FW\RDFW_IOA_USB/src/bsp/driver/riscv_mc" -I"C:\Users\whan\Documents\AppProject\USB_LIFCL_NX33U\RD_IOA_USB2_REVB\Riscv_FW\RDFW_IOA_USB/src/bsp/driver/spi_controller" -I"C:\Users\whan\Documents\AppProject\USB_LIFCL_NX33U\RD_IOA_USB2_REVB\Riscv_FW\RDFW_IOA_USB/src/bsp/driver/uart" -std=gnu11 --specs=picolibc.specs -DPICOLIBC_DOUBLE_PRINTF_SCANF -MMD -MP -MF"src/lsc_ep0_handler.d" -MT"src/lsc_ep0_handler.o" -c -o "src/lsc_ep0_handler.o" "../src/lsc_ep0_handler.c"
Finished building: ../src/lsc_ep0_handler.c
 
Building file: ../src/lsc_ep_handler.c
Invoking: GNU RISC-V Cross C Compiler
riscv-none-embed-gcc -march=rv32imc -mabi=ilp32 -msmall-data-limit=8 -mno-save-restore -O0 -fmessage-length=0 -fsigned-char -ffunction-sections -fdata-sections  -g3 -DLSCC_STDIO_UART_APB -I"C:\Users\whan\Documents\AppProject\USB_LIFCL_NX33U\RD_IOA_USB2_REVB\Riscv_FW\RDFW_IOA_USB/src" -I"C:\Users\whan\Documents\AppProject\USB_LIFCL_NX33U\RD_IOA_USB2_REVB\Riscv_FW\RDFW_IOA_USB/src/bsp" -I"C:\Users\whan\Documents\AppProject\USB_LIFCL_NX33U\RD_IOA_USB2_REVB\Riscv_FW\RDFW_IOA_USB/src/bsp/driver" -I"C:\Users\whan\Documents\AppProject\USB_LIFCL_NX33U\RD_IOA_USB2_REVB\Riscv_FW\RDFW_IOA_USB/src/bsp/driver/gpio" -I"C:\Users\whan\Documents\AppProject\USB_LIFCL_NX33U\RD_IOA_USB2_REVB\Riscv_FW\RDFW_IOA_USB/src/bsp/driver/i2c_controller" -I"C:\Users\whan\Documents\AppProject\USB_LIFCL_NX33U\RD_IOA_USB2_REVB\Riscv_FW\RDFW_IOA_USB/src/bsp/driver/riscv_mc" -I"C:\Users\whan\Documents\AppProject\USB_LIFCL_NX33U\RD_IOA_USB2_REVB\Riscv_FW\RDFW_IOA_USB/src/bsp/driver/spi_controller" -I"C:\Users\whan\Documents\AppProject\USB_LIFCL_NX33U\RD_IOA_USB2_REVB\Riscv_FW\RDFW_IOA_USB/src/bsp/driver/uart" -std=gnu11 --specs=picolibc.specs -DPICOLIBC_DOUBLE_PRINTF_SCANF -MMD -MP -MF"src/lsc_ep_handler.d" -MT"src/lsc_ep_handler.o" -c -o "src/lsc_ep_handler.o" "../src/lsc_ep_handler.c"
Finished building: ../src/lsc_ep_handler.c
 
Building file: ../src/lsc_intr.c
Invoking: GNU RISC-V Cross C Compiler
riscv-none-embed-gcc -march=rv32imc -mabi=ilp32 -msmall-data-limit=8 -mno-save-restore -O0 -fmessage-length=0 -fsigned-char -ffunction-sections -fdata-sections  -g3 -DLSCC_STDIO_UART_APB -I"C:\Users\whan\Documents\AppProject\USB_LIFCL_NX33U\RD_IOA_USB2_REVB\Riscv_FW\RDFW_IOA_USB/src" -I"C:\Users\whan\Documents\AppProject\USB_LIFCL_NX33U\RD_IOA_USB2_REVB\Riscv_FW\RDFW_IOA_USB/src/bsp" -I"C:\Users\whan\Documents\AppProject\USB_LIFCL_NX33U\RD_IOA_USB2_REVB\Riscv_FW\RDFW_IOA_USB/src/bsp/driver" -I"C:\Users\whan\Documents\AppProject\USB_LIFCL_NX33U\RD_IOA_USB2_REVB\Riscv_FW\RDFW_IOA_USB/src/bsp/driver/gpio" -I"C:\Users\whan\Documents\AppProject\USB_LIFCL_NX33U\RD_IOA_USB2_REVB\Riscv_FW\RDFW_IOA_USB/src/bsp/driver/i2c_controller" -I"C:\Users\whan\Documents\AppProject\USB_LIFCL_NX33U\RD_IOA_USB2_REVB\Riscv_FW\RDFW_IOA_USB/src/bsp/driver/riscv_mc" -I"C:\Users\whan\Documents\AppProject\USB_LIFCL_NX33U\RD_IOA_USB2_REVB\Riscv_FW\RDFW_IOA_USB/src/bsp/driver/spi_controller" -I"C:\Users\whan\Documents\AppProject\USB_LIFCL_NX33U\RD_IOA_USB2_REVB\Riscv_FW\RDFW_IOA_USB/src/bsp/driver/uart" -std=gnu11 --specs=picolibc.specs -DPICOLIBC_DOUBLE_PRINTF_SCANF -MMD -MP -MF"src/lsc_intr.d" -MT"src/lsc_intr.o" -c -o "src/lsc_intr.o" "../src/lsc_intr.c"
Finished building: ../src/lsc_intr.c
 
Building file: ../src/lsc_reg_access.c
Invoking: GNU RISC-V Cross C Compiler
riscv-none-embed-gcc -march=rv32imc -mabi=ilp32 -msmall-data-limit=8 -mno-save-restore -O0 -fmessage-length=0 -fsigned-char -ffunction-sections -fdata-sections  -g3 -DLSCC_STDIO_UART_APB -I"C:\Users\whan\Documents\AppProject\USB_LIFCL_NX33U\RD_IOA_USB2_REVB\Riscv_FW\RDFW_IOA_USB/src" -I"C:\Users\whan\Documents\AppProject\USB_LIFCL_NX33U\RD_IOA_USB2_REVB\Riscv_FW\RDFW_IOA_USB/src/bsp" -I"C:\Users\whan\Documents\AppProject\USB_LIFCL_NX33U\RD_IOA_USB2_REVB\Riscv_FW\RDFW_IOA_USB/src/bsp/driver" -I"C:\Users\whan\Documents\AppProject\USB_LIFCL_NX33U\RD_IOA_USB2_REVB\Riscv_FW\RDFW_IOA_USB/src/bsp/driver/gpio" -I"C:\Users\whan\Documents\AppProject\USB_LIFCL_NX33U\RD_IOA_USB2_REVB\Riscv_FW\RDFW_IOA_USB/src/bsp/driver/i2c_controller" -I"C:\Users\whan\Documents\AppProject\USB_LIFCL_NX33U\RD_IOA_USB2_REVB\Riscv_FW\RDFW_IOA_USB/src/bsp/driver/riscv_mc" -I"C:\Users\whan\Documents\AppProject\USB_LIFCL_NX33U\RD_IOA_USB2_REVB\Riscv_FW\RDFW_IOA_USB/src/bsp/driver/spi_controller" -I"C:\Users\whan\Documents\AppProject\USB_LIFCL_NX33U\RD_IOA_USB2_REVB\Riscv_FW\RDFW_IOA_USB/src/bsp/driver/uart" -std=gnu11 --specs=picolibc.specs -DPICOLIBC_DOUBLE_PRINTF_SCANF -MMD -MP -MF"src/lsc_reg_access.d" -MT"src/lsc_reg_access.o" -c -o "src/lsc_reg_access.o" "../src/lsc_reg_access.c"
Finished building: ../src/lsc_reg_access.c
 
Building file: ../src/lsc_usb_ch9.c
Invoking: GNU RISC-V Cross C Compiler
riscv-none-embed-gcc -march=rv32imc -mabi=ilp32 -msmall-data-limit=8 -mno-save-restore -O0 -fmessage-length=0 -fsigned-char -ffunction-sections -fdata-sections  -g3 -DLSCC_STDIO_UART_APB -I"C:\Users\whan\Documents\AppProject\USB_LIFCL_NX33U\RD_IOA_USB2_REVB\Riscv_FW\RDFW_IOA_USB/src" -I"C:\Users\whan\Documents\AppProject\USB_LIFCL_NX33U\RD_IOA_USB2_REVB\Riscv_FW\RDFW_IOA_USB/src/bsp" -I"C:\Users\whan\Documents\AppProject\USB_LIFCL_NX33U\RD_IOA_USB2_REVB\Riscv_FW\RDFW_IOA_USB/src/bsp/driver" -I"C:\Users\whan\Documents\AppProject\USB_LIFCL_NX33U\RD_IOA_USB2_REVB\Riscv_FW\RDFW_IOA_USB/src/bsp/driver/gpio" -I"C:\Users\whan\Documents\AppProject\USB_LIFCL_NX33U\RD_IOA_USB2_REVB\Riscv_FW\RDFW_IOA_USB/src/bsp/driver/i2c_controller" -I"C:\Users\whan\Documents\AppProject\USB_LIFCL_NX33U\RD_IOA_USB2_REVB\Riscv_FW\RDFW_IOA_USB/src/bsp/driver/riscv_mc" -I"C:\Users\whan\Documents\AppProject\USB_LIFCL_NX33U\RD_IOA_USB2_REVB\Riscv_FW\RDFW_IOA_USB/src/bsp/driver/spi_controller" -I"C:\Users\whan\Documents\AppProject\USB_LIFCL_NX33U\RD_IOA_USB2_REVB\Riscv_FW\RDFW_IOA_USB/src/bsp/driver/uart" -std=gnu11 --specs=picolibc.specs -DPICOLIBC_DOUBLE_PRINTF_SCANF -MMD -MP -MF"src/lsc_usb_ch9.d" -MT"src/lsc_usb_ch9.o" -c -o "src/lsc_usb_ch9.o" "../src/lsc_usb_ch9.c"
Finished building: ../src/lsc_usb_ch9.c
 
Building file: ../src/lsc_usb_dev.c
Invoking: GNU RISC-V Cross C Compiler
riscv-none-embed-gcc -march=rv32imc -mabi=ilp32 -msmall-data-limit=8 -mno-save-restore -O0 -fmessage-length=0 -fsigned-char -ffunction-sections -fdata-sections  -g3 -DLSCC_STDIO_UART_APB -I"C:\Users\whan\Documents\AppProject\USB_LIFCL_NX33U\RD_IOA_USB2_REVB\Riscv_FW\RDFW_IOA_USB/src" -I"C:\Users\whan\Documents\AppProject\USB_LIFCL_NX33U\RD_IOA_USB2_REVB\Riscv_FW\RDFW_IOA_USB/src/bsp" -I"C:\Users\whan\Documents\AppProject\USB_LIFCL_NX33U\RD_IOA_USB2_REVB\Riscv_FW\RDFW_IOA_USB/src/bsp/driver" -I"C:\Users\whan\Documents\AppProject\USB_LIFCL_NX33U\RD_IOA_USB2_REVB\Riscv_FW\RDFW_IOA_USB/src/bsp/driver/gpio" -I"C:\Users\whan\Documents\AppProject\USB_LIFCL_NX33U\RD_IOA_USB2_REVB\Riscv_FW\RDFW_IOA_USB/src/bsp/driver/i2c_controller" -I"C:\Users\whan\Documents\AppProject\USB_LIFCL_NX33U\RD_IOA_USB2_REVB\Riscv_FW\RDFW_IOA_USB/src/bsp/driver/riscv_mc" -I"C:\Users\whan\Documents\AppProject\USB_LIFCL_NX33U\RD_IOA_USB2_REVB\Riscv_FW\RDFW_IOA_USB/src/bsp/driver/spi_controller" -I"C:\Users\whan\Documents\AppProject\USB_LIFCL_NX33U\RD_IOA_USB2_REVB\Riscv_FW\RDFW_IOA_USB/src/bsp/driver/uart" -std=gnu11 --specs=picolibc.specs -DPICOLIBC_DOUBLE_PRINTF_SCANF -MMD -MP -MF"src/lsc_usb_dev.d" -MT"src/lsc_usb_dev.o" -c -o "src/lsc_usb_dev.o" "../src/lsc_usb_dev.c"
Finished building: ../src/lsc_usb_dev.c
 
Building file: ../src/lsc_usb_event.c
Invoking: GNU RISC-V Cross C Compiler
riscv-none-embed-gcc -march=rv32imc -mabi=ilp32 -msmall-data-limit=8 -mno-save-restore -O0 -fmessage-length=0 -fsigned-char -ffunction-sections -fdata-sections  -g3 -DLSCC_STDIO_UART_APB -I"C:\Users\whan\Documents\AppProject\USB_LIFCL_NX33U\RD_IOA_USB2_REVB\Riscv_FW\RDFW_IOA_USB/src" -I"C:\Users\whan\Documents\AppProject\USB_LIFCL_NX33U\RD_IOA_USB2_REVB\Riscv_FW\RDFW_IOA_USB/src/bsp" -I"C:\Users\whan\Documents\AppProject\USB_LIFCL_NX33U\RD_IOA_USB2_REVB\Riscv_FW\RDFW_IOA_USB/src/bsp/driver" -I"C:\Users\whan\Documents\AppProject\USB_LIFCL_NX33U\RD_IOA_USB2_REVB\Riscv_FW\RDFW_IOA_USB/src/bsp/driver/gpio" -I"C:\Users\whan\Documents\AppProject\USB_LIFCL_NX33U\RD_IOA_USB2_REVB\Riscv_FW\RDFW_IOA_USB/src/bsp/driver/i2c_controller" -I"C:\Users\whan\Documents\AppProject\USB_LIFCL_NX33U\RD_IOA_USB2_REVB\Riscv_FW\RDFW_IOA_USB/src/bsp/driver/riscv_mc" -I"C:\Users\whan\Documents\AppProject\USB_LIFCL_NX33U\RD_IOA_USB2_REVB\Riscv_FW\RDFW_IOA_USB/src/bsp/driver/spi_controller" -I"C:\Users\whan\Documents\AppProject\USB_LIFCL_NX33U\RD_IOA_USB2_REVB\Riscv_FW\RDFW_IOA_USB/src/bsp/driver/uart" -std=gnu11 --specs=picolibc.specs -DPICOLIBC_DOUBLE_PRINTF_SCANF -MMD -MP -MF"src/lsc_usb_event.d" -MT"src/lsc_usb_event.o" -c -o "src/lsc_usb_event.o" "../src/lsc_usb_event.c"
Finished building: ../src/lsc_usb_event.c
 
Building file: ../src/lsc_usb_vendor.c
Invoking: GNU RISC-V Cross C Compiler
riscv-none-embed-gcc -march=rv32imc -mabi=ilp32 -msmall-data-limit=8 -mno-save-restore -O0 -fmessage-length=0 -fsigned-char -ffunction-sections -fdata-sections  -g3 -DLSCC_STDIO_UART_APB -I"C:\Users\whan\Documents\AppProject\USB_LIFCL_NX33U\RD_IOA_USB2_REVB\Riscv_FW\RDFW_IOA_USB/src" -I"C:\Users\whan\Documents\AppProject\USB_LIFCL_NX33U\RD_IOA_USB2_REVB\Riscv_FW\RDFW_IOA_USB/src/bsp" -I"C:\Users\whan\Documents\AppProject\USB_LIFCL_NX33U\RD_IOA_USB2_REVB\Riscv_FW\RDFW_IOA_USB/src/bsp/driver" -I"C:\Users\whan\Documents\AppProject\USB_LIFCL_NX33U\RD_IOA_USB2_REVB\Riscv_FW\RDFW_IOA_USB/src/bsp/driver/gpio" -I"C:\Users\whan\Documents\AppProject\USB_LIFCL_NX33U\RD_IOA_USB2_REVB\Riscv_FW\RDFW_IOA_USB/src/bsp/driver/i2c_controller" -I"C:\Users\whan\Documents\AppProject\USB_LIFCL_NX33U\RD_IOA_USB2_REVB\Riscv_FW\RDFW_IOA_USB/src/bsp/driver/riscv_mc" -I"C:\Users\whan\Documents\AppProject\USB_LIFCL_NX33U\RD_IOA_USB2_REVB\Riscv_FW\RDFW_IOA_USB/src/bsp/driver/spi_controller" -I"C:\Users\whan\Documents\AppProject\USB_LIFCL_NX33U\RD_IOA_USB2_REVB\Riscv_FW\RDFW_IOA_USB/src/bsp/driver/uart" -std=gnu11 --specs=picolibc.specs -DPICOLIBC_DOUBLE_PRINTF_SCANF -MMD -MP -MF"src/lsc_usb_vendor.d" -MT"src/lsc_usb_vendor.o" -c -o "src/lsc_usb_vendor.o" "../src/lsc_usb_vendor.c"
Finished building: ../src/lsc_usb_vendor.c
 
Building file: ../src/lscusb.c
Invoking: GNU RISC-V Cross C Compiler
riscv-none-embed-gcc -march=rv32imc -mabi=ilp32 -msmall-data-limit=8 -mno-save-restore -O0 -fmessage-length=0 -fsigned-char -ffunction-sections -fdata-sections  -g3 -DLSCC_STDIO_UART_APB -I"C:\Users\whan\Documents\AppProject\USB_LIFCL_NX33U\RD_IOA_USB2_REVB\Riscv_FW\RDFW_IOA_USB/src" -I"C:\Users\whan\Documents\AppProject\USB_LIFCL_NX33U\RD_IOA_USB2_REVB\Riscv_FW\RDFW_IOA_USB/src/bsp" -I"C:\Users\whan\Documents\AppProject\USB_LIFCL_NX33U\RD_IOA_USB2_REVB\Riscv_FW\RDFW_IOA_USB/src/bsp/driver" -I"C:\Users\whan\Documents\AppProject\USB_LIFCL_NX33U\RD_IOA_USB2_REVB\Riscv_FW\RDFW_IOA_USB/src/bsp/driver/gpio" -I"C:\Users\whan\Documents\AppProject\USB_LIFCL_NX33U\RD_IOA_USB2_REVB\Riscv_FW\RDFW_IOA_USB/src/bsp/driver/i2c_controller" -I"C:\Users\whan\Documents\AppProject\USB_LIFCL_NX33U\RD_IOA_USB2_REVB\Riscv_FW\RDFW_IOA_USB/src/bsp/driver/riscv_mc" -I"C:\Users\whan\Documents\AppProject\USB_LIFCL_NX33U\RD_IOA_USB2_REVB\Riscv_FW\RDFW_IOA_USB/src/bsp/driver/spi_controller" -I"C:\Users\whan\Documents\AppProject\USB_LIFCL_NX33U\RD_IOA_USB2_REVB\Riscv_FW\RDFW_IOA_USB/src/bsp/driver/uart" -std=gnu11 --specs=picolibc.specs -DPICOLIBC_DOUBLE_PRINTF_SCANF -MMD -MP -MF"src/lscusb.d" -MT"src/lscusb.o" -c -o "src/lscusb.o" "../src/lscusb.c"
Finished building: ../src/lscusb.c
 
Building file: ../src/main.c
Invoking: GNU RISC-V Cross C Compiler
riscv-none-embed-gcc -march=rv32imc -mabi=ilp32 -msmall-data-limit=8 -mno-save-restore -O0 -fmessage-length=0 -fsigned-char -ffunction-sections -fdata-sections  -g3 -DLSCC_STDIO_UART_APB -I"C:\Users\whan\Documents\AppProject\USB_LIFCL_NX33U\RD_IOA_USB2_REVB\Riscv_FW\RDFW_IOA_USB/src" -I"C:\Users\whan\Documents\AppProject\USB_LIFCL_NX33U\RD_IOA_USB2_REVB\Riscv_FW\RDFW_IOA_USB/src/bsp" -I"C:\Users\whan\Documents\AppProject\USB_LIFCL_NX33U\RD_IOA_USB2_REVB\Riscv_FW\RDFW_IOA_USB/src/bsp/driver" -I"C:\Users\whan\Documents\AppProject\USB_LIFCL_NX33U\RD_IOA_USB2_REVB\Riscv_FW\RDFW_IOA_USB/src/bsp/driver/gpio" -I"C:\Users\whan\Documents\AppProject\USB_LIFCL_NX33U\RD_IOA_USB2_REVB\Riscv_FW\RDFW_IOA_USB/src/bsp/driver/i2c_controller" -I"C:\Users\whan\Documents\AppProject\USB_LIFCL_NX33U\RD_IOA_USB2_REVB\Riscv_FW\RDFW_IOA_USB/src/bsp/driver/riscv_mc" -I"C:\Users\whan\Documents\AppProject\USB_LIFCL_NX33U\RD_IOA_USB2_REVB\Riscv_FW\RDFW_IOA_USB/src/bsp/driver/spi_controller" -I"C:\Users\whan\Documents\AppProject\USB_LIFCL_NX33U\RD_IOA_USB2_REVB\Riscv_FW\RDFW_IOA_USB/src/bsp/driver/uart" -std=gnu11 --specs=picolibc.specs -DPICOLIBC_DOUBLE_PRINTF_SCANF -MMD -MP -MF"src/main.d" -MT"src/main.o" -c -o "src/main.o" "../src/main.c"
Finished building: ../src/main.c
 
Building file: ../src/utils.c
Invoking: GNU RISC-V Cross C Compiler
riscv-none-embed-gcc -march=rv32imc -mabi=ilp32 -msmall-data-limit=8 -mno-save-restore -O0 -fmessage-length=0 -fsigned-char -ffunction-sections -fdata-sections  -g3 -DLSCC_STDIO_UART_APB -I"C:\Users\whan\Documents\AppProject\USB_LIFCL_NX33U\RD_IOA_USB2_REVB\Riscv_FW\RDFW_IOA_USB/src" -I"C:\Users\whan\Documents\AppProject\USB_LIFCL_NX33U\RD_IOA_USB2_REVB\Riscv_FW\RDFW_IOA_USB/src/bsp" -I"C:\Users\whan\Documents\AppProject\USB_LIFCL_NX33U\RD_IOA_USB2_REVB\Riscv_FW\RDFW_IOA_USB/src/bsp/driver" -I"C:\Users\whan\Documents\AppProject\USB_LIFCL_NX33U\RD_IOA_USB2_REVB\Riscv_FW\RDFW_IOA_USB/src/bsp/driver/gpio" -I"C:\Users\whan\Documents\AppProject\USB_LIFCL_NX33U\RD_IOA_USB2_REVB\Riscv_FW\RDFW_IOA_USB/src/bsp/driver/i2c_controller" -I"C:\Users\whan\Documents\AppProject\USB_LIFCL_NX33U\RD_IOA_USB2_REVB\Riscv_FW\RDFW_IOA_USB/src/bsp/driver/riscv_mc" -I"C:\Users\whan\Documents\AppProject\USB_LIFCL_NX33U\RD_IOA_USB2_REVB\Riscv_FW\RDFW_IOA_USB/src/bsp/driver/spi_controller" -I"C:\Users\whan\Documents\AppProject\USB_LIFCL_NX33U\RD_IOA_USB2_REVB\Riscv_FW\RDFW_IOA_USB/src/bsp/driver/uart" -std=gnu11 --specs=picolibc.specs -DPICOLIBC_DOUBLE_PRINTF_SCANF -MMD -MP -MF"src/utils.d" -MT"src/utils.o" -c -o "src/utils.o" "../src/utils.c"
Finished building: ../src/utils.c
 
Building target: RDFW_IOA_USB.elf
Invoking: GNU RISC-V Cross C Linker
riscv-none-embed-gcc -march=rv32imc -mabi=ilp32 -msmall-data-limit=8 -mno-save-restore -O0 -fmessage-length=0 -fsigned-char -ffunction-sections -fdata-sections  -g3 -T "C:/Users/whan/Documents/AppProject/USB_LIFCL_NX33U/RD_IOA_USB2_REVB/Riscv_FW/RDFW_IOA_USB/src/linker.ld" -nostartfiles -Xlinker --gc-sections -Wl,-Map,"RDFW_IOA_USB.map" --specs=picolibc.specs -DPICOLIBC_DOUBLE_PRINTF_SCANF -o "RDFW_IOA_USB.elf"  ./src/usbio/spi/lsc_spi.o ./src/usbio/spi/lsc_spi_req_mng.o  ./src/usbio/i2c/lsc_i2c_req_mng.o  ./src/usbio/gpio/lsc_gpio.o  ./src/bsp/driver/uart/uart.o  ./src/bsp/driver/spi_controller/spi_master.o  ./src/bsp/driver/riscv_mc/cache.o ./src/bsp/driver/riscv_mc/crt0.o ./src/bsp/driver/riscv_mc/exit.o ./src/bsp/driver/riscv_mc/interrupt.o ./src/bsp/driver/riscv_mc/iob.o ./src/bsp/driver/riscv_mc/pic.o ./src/bsp/driver/riscv_mc/reg_access.o ./src/bsp/driver/riscv_mc/timer.o ./src/bsp/driver/riscv_mc/util.o  ./src/bsp/driver/i2c_controller/i2c_master.o  ./src/bsp/driver/gpio/gpio.o  ./src/lsc_command.o ./src/lsc_ctrl_xfer.o ./src/lsc_endpoint.o ./src/lsc_ep0_handler.o ./src/lsc_ep_handler.o ./src/lsc_intr.o ./src/lsc_reg_access.o ./src/lsc_usb_ch9.o ./src/lsc_usb_dev.o ./src/lsc_usb_event.o ./src/lsc_usb_vendor.o ./src/lscusb.o ./src/main.o ./src/utils.o   
Finished building target: RDFW_IOA_USB.elf
 
Invoking: GNU RISC-V Cross Create Listing
riscv-none-embed-objdump --source --all-headers --demangle --line-numbers --wide "RDFW_IOA_USB.elf" > "RDFW_IOA_USB.lst"
Finished building: RDFW_IOA_USB.lst
 
Invoking: GNU RISC-V Cross Print Size
riscv-none-embed-size --format=berkeley "RDFW_IOA_USB.elf"
   text	   data	    bss	    dec	    hex	filename
  50688	   1400	   7808	  59896	   e9f8	RDFW_IOA_USB.elf
Finished building: RDFW_IOA_USB.siz
 
Invoking: Lattice Create Memory Deployment
riscv-none-embed-objcopy -O binary --gap-fill 0 "RDFW_IOA_USB.elf" "RDFW_IOA_USB.bin"; srec_cat "RDFW_IOA_USB.bin" -Binary -byte-swap 4 -DISable Header -Output "RDFW_IOA_USB.mem" -MEM 32
Finished building: RDFW_IOA_USB.mem
 

16:48:56 Build Finished. 0 errors, 0 warnings. (took 42s.207ms)

