Archive member included to satisfy reference by file (symbol)

c:/lscc/propel/2024.2/sdk/riscv-none-embed-gcc/bin/../lib/gcc/riscv-none-embed/10.2.0/rv32imc/ilp32\libgcc.a(_udivdi3.o)
                              ./src/bsp/driver/riscv_mc/timer.o (__udivdi3)
c:/lscc/propel/2024.2/sdk/riscv-none-embed-gcc/bin/../lib/gcc/riscv-none-embed/10.2.0/rv32imc/ilp32\libgcc.a(_clz.o)
                              c:/lscc/propel/2024.2/sdk/riscv-none-embed-gcc/bin/../lib/gcc/riscv-none-embed/10.2.0/rv32imc/ilp32\libgcc.a(_udivdi3.o) (__clz_tab)
c:\lscc\propel\2024.2\sdk\riscv-none-embed-gcc\bin\../riscv-none-embed/picolibc/riscv-none-embed/lib/rv32imc/ilp32\libc.a(libc_tinystdio_printf.c.o)
                              ./src/bsp/driver/riscv_mc/interrupt.o (printf)
c:\lscc\propel\2024.2\sdk\riscv-none-embed-gcc\bin\../riscv-none-embed/picolibc/riscv-none-embed/lib/rv32imc/ilp32\libc.a(libc_tinystdio_puts.c.o)
                              ./src/lsc_intr.o (puts)
c:\lscc\propel\2024.2\sdk\riscv-none-embed-gcc\bin\../riscv-none-embed/picolibc/riscv-none-embed/lib/rv32imc/ilp32\libc.a(libc_tinystdio_sprintf.c.o)
                              ./src/usbio/spi/lsc_spi.o (sprintf)
c:\lscc\propel\2024.2\sdk\riscv-none-embed-gcc\bin\../riscv-none-embed/picolibc/riscv-none-embed/lib/rv32imc/ilp32\libc.a(libc_tinystdio_vfprintf.c.o)
                              (__d_vfprintf)
c:\lscc\propel\2024.2\sdk\riscv-none-embed-gcc\bin\../riscv-none-embed/picolibc/riscv-none-embed/lib/rv32imc/ilp32\libc.a(libc_tinystdio_vfscanf.c.o)
                              (__d_vfscanf)
c:\lscc\propel\2024.2\sdk\riscv-none-embed-gcc\bin\../riscv-none-embed/picolibc/riscv-none-embed/lib/rv32imc/ilp32\libc.a(libc_tinystdio_dtoa_ryu.c.o)
                              c:\lscc\propel\2024.2\sdk\riscv-none-embed-gcc\bin\../riscv-none-embed/picolibc/riscv-none-embed/lib/rv32imc/ilp32\libc.a(libc_tinystdio_vfprintf.c.o) (__dtoa_engine)
c:\lscc\propel\2024.2\sdk\riscv-none-embed-gcc\bin\../riscv-none-embed/picolibc/riscv-none-embed/lib/rv32imc/ilp32\libc.a(libc_tinystdio_ryu_table.c.o)
                              c:\lscc\propel\2024.2\sdk\riscv-none-embed-gcc\bin\../riscv-none-embed/picolibc/riscv-none-embed/lib/rv32imc/ilp32\libc.a(libc_tinystdio_dtoa_ryu.c.o) (__pow5Factor)
c:\lscc\propel\2024.2\sdk\riscv-none-embed-gcc\bin\../riscv-none-embed/picolibc/riscv-none-embed/lib/rv32imc/ilp32\libc.a(libc_tinystdio_atod_ryu.c.o)
                              c:\lscc\propel\2024.2\sdk\riscv-none-embed-gcc\bin\../riscv-none-embed/picolibc/riscv-none-embed/lib/rv32imc/ilp32\libc.a(libc_tinystdio_vfscanf.c.o) (__atod_engine)
c:\lscc\propel\2024.2\sdk\riscv-none-embed-gcc\bin\../riscv-none-embed/picolibc/riscv-none-embed/lib/rv32imc/ilp32\libc.a(libc_tinystdio_atof_ryu.c.o)
                              c:\lscc\propel\2024.2\sdk\riscv-none-embed-gcc\bin\../riscv-none-embed/picolibc/riscv-none-embed/lib/rv32imc/ilp32\libc.a(libc_tinystdio_vfscanf.c.o) (__atof_engine)
c:\lscc\propel\2024.2\sdk\riscv-none-embed-gcc\bin\../riscv-none-embed/picolibc/riscv-none-embed/lib/rv32imc/ilp32\libc.a(libc_tinystdio_ryu_log2pow5.c.o)
                              c:\lscc\propel\2024.2\sdk\riscv-none-embed-gcc\bin\../riscv-none-embed/picolibc/riscv-none-embed/lib/rv32imc/ilp32\libc.a(libc_tinystdio_atod_ryu.c.o) (__log2pow5)
c:\lscc\propel\2024.2\sdk\riscv-none-embed-gcc\bin\../riscv-none-embed/picolibc/riscv-none-embed/lib/rv32imc/ilp32\libc.a(libc_tinystdio_ryu_log10.c.o)
                              c:\lscc\propel\2024.2\sdk\riscv-none-embed-gcc\bin\../riscv-none-embed/picolibc/riscv-none-embed/lib/rv32imc/ilp32\libc.a(libc_tinystdio_dtoa_ryu.c.o) (__log10Pow2)
c:\lscc\propel\2024.2\sdk\riscv-none-embed-gcc\bin\../riscv-none-embed/picolibc/riscv-none-embed/lib/rv32imc/ilp32\libc.a(libc_tinystdio_ryu_pow5bits.c.o)
                              c:\lscc\propel\2024.2\sdk\riscv-none-embed-gcc\bin\../riscv-none-embed/picolibc/riscv-none-embed/lib/rv32imc/ilp32\libc.a(libc_tinystdio_dtoa_ryu.c.o) (__pow5bits)
c:\lscc\propel\2024.2\sdk\riscv-none-embed-gcc\bin\../riscv-none-embed/picolibc/riscv-none-embed/lib/rv32imc/ilp32\libc.a(libc_tinystdio_ryu_umul128.c.o)
                              c:\lscc\propel\2024.2\sdk\riscv-none-embed-gcc\bin\../riscv-none-embed/picolibc/riscv-none-embed/lib/rv32imc/ilp32\libc.a(libc_tinystdio_dtoa_ryu.c.o) (__umul128)
c:\lscc\propel\2024.2\sdk\riscv-none-embed-gcc\bin\../riscv-none-embed/picolibc/riscv-none-embed/lib/rv32imc/ilp32\libc.a(libc_tinystdio_ryu_divpow2.c.o)
                              c:\lscc\propel\2024.2\sdk\riscv-none-embed-gcc\bin\../riscv-none-embed/picolibc/riscv-none-embed/lib/rv32imc/ilp32\libc.a(libc_tinystdio_atof_ryu.c.o) (__mulPow5InvDivPow2)
c:\lscc\propel\2024.2\sdk\riscv-none-embed-gcc\bin\../riscv-none-embed/picolibc/riscv-none-embed/lib/rv32imc/ilp32\libc.a(memcpy.c.o)
                              ./src/lsc_ep0_handler.o (memcpy)
[...]
Memory Configuration

Name             Origin             Length             Attributes
sysmem0_inst     0x0000000000000000 0x0000000000020000 xrw
*default*        0x0000000000000000 0xffffffffffffffff

Linker script and memory map

                0x0000000000008cfc                vfprintf = __d_vfprintf
                0x0000000000000000                vfscanf = __d_vfscanf
LOAD ./src/usbio/spi/lsc_spi.o
LOAD ./src/usbio/spi/lsc_spi_req_mng.o
LOAD ./src/usbio/i2c/lsc_i2c_req_mng.o
LOAD ./src/usbio/gpio/lsc_gpio.o
LOAD ./src/bsp/driver/uart/uart.o
LOAD ./src/bsp/driver/spi_controller/spi_master.o
LOAD ./src/bsp/driver/riscv_mc/cache.o
LOAD ./src/bsp/driver/riscv_mc/crt0.o
LOAD ./src/bsp/driver/riscv_mc/exit.o
LOAD ./src/bsp/driver/riscv_mc/interrupt.o
LOAD ./src/bsp/driver/riscv_mc/iob.o
LOAD ./src/bsp/driver/riscv_mc/pic.o
LOAD ./src/bsp/driver/riscv_mc/reg_access.o
LOAD ./src/bsp/driver/riscv_mc/timer.o
LOAD ./src/bsp/driver/riscv_mc/util.o
LOAD ./src/bsp/driver/i2c_controller/i2c_master.o
LOAD ./src/bsp/driver/gpio/gpio.o
LOAD ./src/lsc_command.o
LOAD ./src/lsc_ctrl_xfer.o
LOAD ./src/lsc_endpoint.o
LOAD ./src/lsc_ep0_handler.o
LOAD ./src/lsc_ep_handler.o
LOAD ./src/lsc_intr.o
LOAD ./src/lsc_reg_access.o
LOAD ./src/lsc_usb_ch9.o
LOAD ./src/lsc_usb_dev.o
LOAD ./src/lsc_usb_event.o
LOAD ./src/lsc_usb_vendor.o
LOAD ./src/lscusb.o
LOAD ./src/main.o
LOAD ./src/utils.o
LOAD c:/lscc/propel/2024.2/sdk/riscv-none-embed-gcc/bin/../lib/gcc/riscv-none-embed/10.2.0/rv32imc/ilp32\libgcc.a
START GROUP
LOAD c:/lscc/propel/2024.2/sdk/riscv-none-embed-gcc/bin/../lib/gcc/riscv-none-embed/10.2.0/rv32imc/ilp32\libgcc.a
LOAD c:\lscc\propel\2024.2\sdk\riscv-none-embed-gcc\bin\../riscv-none-embed/picolibc/riscv-none-embed/lib/rv32imc/ilp32\libc.a
END GROUP
LOAD c:/lscc/propel/2024.2/sdk/riscv-none-embed-gcc/bin/../lib/gcc/riscv-none-embed/10.2.0/rv32imc/ilp32\libgcc.a
                0x0000000000000000                _HEAP_SIZE = DEFINED (_HEAP_SIZE)?_HEAP_SIZE:0x0
                0x0000000000000a00                _STACK_SIZE = DEFINED (_STACK_SIZE)?_STACK_SIZE:0xa00

.text           0x0000000000000000     0xa714
                0x0000000000000000                _ftext = .
 *(SORT_BY_NAME(.crt*))
 .crt0          0x0000000000000000       0x94 ./src/bsp/driver/riscv_mc/crt0.o
                0x0000000000000000                _start
                0x0000000000000010                trap_entry
 *(.text .text.* .gnu.linkonce.t.*)
 .text.spi_isr  0x0000000000000094      0x2ca ./src/usbio/spi/lsc_spi.o
                0x0000000000000094                spi_isr
 .text.spi_init
                0x000000000000035e       0x92 ./src/usbio/spi/lsc_spi.o
                0x000000000000035e                spi_init
 .text.spi_read_write
                0x00000000000003f0      0x1ea ./src/usbio/spi/lsc_spi.o
                0x00000000000003f0                spi_read_write
 .text.process_spi_request
                0x00000000000005da      0x518 ./src/usbio/spi/lsc_spi_req_mng.o
                0x00000000000005da                process_spi_request
 .text.processI2CRequest
                0x0000000000000af2      0x828 ./src/usbio/i2c/lsc_i2c_req_mng.o
                0x0000000000000af2                processI2CRequest
 .text.perform_gpio_operation_LATTICE
                0x000000000000131a      0x2f2 ./src/usbio/gpio/lsc_gpio.o
                0x000000000000131a                perform_gpio_operation_LATTICE
 .text.uart_init
                0x000000000000160c       0x8a ./src/bsp/driver/uart/uart.o
                0x000000000000160c                uart_init
 .text.uart_putc
                0x0000000000001696       0x62 ./src/bsp/driver/uart/uart.o
                0x0000000000001696                uart_putc
 .text          0x00000000000016f8       0xc6 ./src/bsp/driver/riscv_mc/crt0.o
 .text._exit    0x00000000000017be        0xc ./src/bsp/driver/riscv_mc/exit.o
                0x00000000000017be                _exit
 .text.irq_callback
                0x00000000000017ca      0x134 ./src/bsp/driver/riscv_mc/interrupt.o
                0x00000000000017ca                irq_callback
 .text.esr_callback
                0x00000000000018fe       0x44 ./src/bsp/driver/riscv_mc/interrupt.o
                0x00000000000018fe                esr_callback
 .text.lscc_putc
                0x0000000000001942       0x6e ./src/bsp/driver/riscv_mc/iob.o
 .text.pic_init
                0x00000000000019b0       0x80 ./src/bsp/driver/riscv_mc/pic.o
                0x00000000000019b0                pic_init
 .text.pic_int_enable
                0x0000000000001a30       0x34 ./src/bsp/driver/riscv_mc/pic.o
                0x0000000000001a30                pic_int_enable
 .text.pic_int_clear
                0x0000000000001a64       0x28 ./src/bsp/driver/riscv_mc/pic.o
                0x0000000000001a64                pic_int_clear
 .text.pic_int_pending
                0x0000000000001a8c       0x3a ./src/bsp/driver/riscv_mc/pic.o
                0x0000000000001a8c                pic_int_pending
 .text.pic_isr_register
                0x0000000000001ac6       0x66 ./src/bsp/driver/riscv_mc/pic.o
                0x0000000000001ac6                pic_isr_register
 .text.reg_32b_write
                0x0000000000001b2c       0x2a ./src/bsp/driver/riscv_mc/reg_access.o
                0x0000000000001b2c                reg_32b_write
 .text.reg_32b_read
                0x0000000000001b56       0x2c ./src/bsp/driver/riscv_mc/reg_access.o
                0x0000000000001b56                reg_32b_read
 .text.reg_32b_modify
                0x0000000000001b82       0x46 ./src/bsp/driver/riscv_mc/reg_access.o
                0x0000000000001b82                reg_32b_modify
 .text.reg_8b_write
                0x0000000000001bc8       0x2e ./src/bsp/driver/riscv_mc/reg_access.o
                0x0000000000001bc8                reg_8b_write
 .text.reg_8b_modify
                0x0000000000001bf6       0x74 ./src/bsp/driver/riscv_mc/reg_access.o
                0x0000000000001bf6                reg_8b_modify
 .text.reg_8b_read
                0x0000000000001c6a       0x34 ./src/bsp/driver/riscv_mc/reg_access.o
                0x0000000000001c6a                reg_8b_read
 .text.init_mtime
                0x0000000000001c9e       0x22 ./src/bsp/driver/riscv_mc/timer.o
                0x0000000000001c9e                init_mtime
 .text.i2c_master_read
                0x0000000000001cc0      0x1da ./src/bsp/driver/i2c_controller/i2c_master.o
                0x0000000000001cc0                i2c_master_read
 .text.i2c_master_repeated_start
                0x0000000000001e9a      0x49e ./src/bsp/driver/i2c_controller/i2c_master.o
                0x0000000000001e9a                i2c_master_repeated_start
 .text.i2c_master_write
                0x0000000000002338      0x4c6 ./src/bsp/driver/i2c_controller/i2c_master.o
                0x0000000000002338                i2c_master_write
 .text.lattice_i2c_mastr_tx_rx
                0x00000000000027fe      0x328 ./src/bsp/driver/i2c_controller/i2c_master.o
                0x00000000000027fe                lattice_i2c_mastr_tx_rx
 .text.i2c_master_init
                0x0000000000002b26       0x5c ./src/bsp/driver/i2c_controller/i2c_master.o
                0x0000000000002b26                i2c_master_init
 .text.gpio_init
                0x0000000000002b82      0x102 ./src/bsp/driver/gpio/gpio.o
                0x0000000000002b82                gpio_init
 .text.gpio_output_write
                0x0000000000002c84       0x4e ./src/bsp/driver/gpio/gpio.o
                0x0000000000002c84                gpio_output_write
 .text.gpio_input_get
                0x0000000000002cd2       0x3a ./src/bsp/driver/gpio/gpio.o
                0x0000000000002cd2                gpio_input_get
 .text.lsc_usb_get_ep_params
                0x0000000000002d0c       0x42 ./src/lsc_command.o
                0x0000000000002d0c                lsc_usb_get_ep_params
 .text.lsc_usb_send_ep_cmd
                0x0000000000002d4e      0x114 ./src/lsc_command.o
                0x0000000000002d4e                lsc_usb_send_ep_cmd
 .text.lsc_usb_ep_enable
                0x0000000000002e62      0x1d2 ./src/lsc_command.o
                0x0000000000002e62                lsc_usb_ep_enable
 .text.lsc_usb_ep_disable
                0x0000000000003034      0x15a ./src/lsc_command.o
                0x0000000000003034                lsc_usb_ep_disable
 .text.lsc_usb_enable_ctrl_ep
                0x000000000000318e       0x84 ./src/lsc_ctrl_xfer.o
                0x000000000000318e                lsc_usb_enable_ctrl_ep
 .text.lsc_usb_ep0_stall_restart
                0x0000000000003212       0x8a ./src/lsc_ctrl_xfer.o
                0x0000000000003212                lsc_usb_ep0_stall_restart
 .text.lsc_usb_ep0_data_xfer_cmplt
                0x000000000000329c      0x15c ./src/lsc_ctrl_xfer.o
                0x000000000000329c                lsc_usb_ep0_data_xfer_cmplt
 .text.lsc_usb_ep0_status_cmplt
                0x00000000000033f8       0xb0 ./src/lsc_ctrl_xfer.o
                0x00000000000033f8                lsc_usb_ep0_status_cmplt
 .text.lsc_usb_start_ep0_stat
                0x00000000000034a8      0x2dc ./src/lsc_ctrl_xfer.o
                0x00000000000034a8                lsc_usb_start_ep0_stat
 .text.lsc_usb_end_ep0_ctl_data_xfer
                0x0000000000003784       0x98 ./src/lsc_ctrl_xfer.o
                0x0000000000003784                lsc_usb_end_ep0_ctl_data_xfer
 .text.lsc_usb_ep_get_xfer_index
                0x000000000000381c       0x6e ./src/lsc_endpoint.o
                0x000000000000381c                lsc_usb_ep_get_xfer_index
 .text.lsc_usb_start_ep_cfg
                0x000000000000388a       0xa6 ./src/lsc_endpoint.o
                0x000000000000388a                lsc_usb_start_ep_cfg
 .text.lsc_usb_set_ep_cfg
                0x0000000000003930      0x138 ./src/lsc_endpoint.o
                0x0000000000003930                lsc_usb_set_ep_cfg
 .text.lsc_usb_set_xfer_resource
                0x0000000000003a68       0x52 ./src/lsc_endpoint.o
                0x0000000000003a68                lsc_usb_set_xfer_resource
 .text.lsc_usb_clear_stall_all_ep
                0x0000000000003aba       0x86 ./src/lsc_endpoint.o
                0x0000000000003aba                lsc_usb_clear_stall_all_ep
 .text.lsc_usb_stop_active_transfers
                0x0000000000003b40       0x7a ./src/lsc_endpoint.o
                0x0000000000003b40                lsc_usb_stop_active_transfers
 .text.lsc_usb_rcv_setup
                0x0000000000003bba      0x23a ./src/lsc_ep0_handler.o
                0x0000000000003bba                lsc_usb_rcv_setup
 .text.lsc_usb_ep0_xfer_cmplt
                0x0000000000003df4      0x19a ./src/lsc_ep0_handler.o
                0x0000000000003df4                lsc_usb_ep0_xfer_cmplt
 .text.lsc_usb_ep0_xfer_not_ready
                0x0000000000003f8e       0xa6 ./src/lsc_ep0_handler.o
                0x0000000000003f8e                lsc_usb_ep0_xfer_not_ready
 .text.lsc_usb_ep0_send
                0x0000000000004034      0x362 ./src/lsc_ep0_handler.o
                0x0000000000004034                lsc_usb_ep0_send
 .text.lsc_usb_ep0_rcv
                0x0000000000004396      0x300 ./src/lsc_ep0_handler.o
                0x0000000000004396                lsc_usb_ep0_rcv
 .text.lsc_usb_stop_xfer
                0x0000000000004696      0x106 ./src/lsc_ep_handler.o
                0x0000000000004696                lsc_usb_stop_xfer
 .text.lsc_usb_ep_clear_stall
                0x000000000000479c       0xb4 ./src/lsc_ep_handler.o
                0x000000000000479c                lsc_usb_ep_clear_stall
 .text.lsc_usb_ep_xfer_not_ready
                0x0000000000004850       0x44 ./src/lsc_ep_handler.o
                0x0000000000004850                lsc_usb_ep_xfer_not_ready
 .text.lsc_usb_is_ep_stalled
                0x0000000000004894       0x64 ./src/lsc_ep_handler.o
                0x0000000000004894                lsc_usb_is_ep_stalled
 .text.lsc_usb_ep_set_stall
                0x00000000000048f8       0x98 ./src/lsc_ep_handler.o
                0x00000000000048f8                lsc_usb_ep_set_stall
 .text.lsc_usb_enable_int
                0x0000000000004990       0x82 ./src/lsc_intr.o
                0x0000000000004990                lsc_usb_enable_int
 .text.lsc_usb_evt_handler
                0x0000000000004a12       0x56 ./src/lsc_intr.o
                0x0000000000004a12                lsc_usb_evt_handler
 .text.lsc_usb_int_handler
                0x0000000000004a68       0xf0 ./src/lsc_intr.o
                0x0000000000004a68                lsc_usb_int_handler
 .text.lsc_usb_link_sts_change_int
                0x0000000000004b58       0x56 ./src/lsc_intr.o
                0x0000000000004b58                lsc_usb_link_sts_change_int
 .text.lsc_usb_connect_int
                0x0000000000004bae      0x28c ./src/lsc_intr.o
                0x0000000000004bae                lsc_usb_connect_int
 .text.lsc_usb_disconn_int
                0x0000000000004e3a       0xc4 ./src/lsc_intr.o
                0x0000000000004e3a                lsc_usb_disconn_int
 .text.lsc_usb_reset_int
                0x0000000000004efe      0x164 ./src/lsc_intr.o
                0x0000000000004efe                lsc_usb_reset_int
 .text.lsc_usb_ep0_intr
                0x0000000000005062       0xe0 ./src/lsc_intr.o
                0x0000000000005062                lsc_usb_ep0_intr
 .text.lsc_usb_wakeup_int
                0x0000000000005142       0x20 ./src/lsc_intr.o
                0x0000000000005142                lsc_usb_wakeup_int
 .text.lsc_gpio_int_handler
                0x0000000000005162       0x70 ./src/lsc_intr.o
                0x0000000000005162                lsc_gpio_int_handler
 .text.lsc_8_read
                0x00000000000051d2       0x2c ./src/lsc_reg_access.o
                0x00000000000051d2                lsc_8_read
 .text.lsc_8_write
                0x00000000000051fe       0x2c ./src/lsc_reg_access.o
                0x00000000000051fe                lsc_8_write
 .text.lsc_32_read
                0x000000000000522a       0x2c ./src/lsc_reg_access.o
                0x000000000000522a                lsc_32_read
 .text.lsc_32_write
                0x0000000000005256       0x28 ./src/lsc_reg_access.o
                0x0000000000005256                lsc_32_write
 .text.lsc_uart_tx
                0x000000000000527e       0x54 ./src/lsc_reg_access.o
                0x000000000000527e                lsc_uart_tx
 .text.lsc_usb_setup_pkt_process
                0x00000000000052d2       0xf6 ./src/lsc_usb_ch9.o
                0x00000000000052d2                lsc_usb_setup_pkt_process
 .text.process_usb_std_req
                0x00000000000053c8     0x177c ./src/lsc_usb_ch9.o
                0x00000000000053c8                process_usb_std_req
 .text.process_usb_cs_req
                0x0000000000006b44       0x66 ./src/lsc_usb_ch9.o
                0x0000000000006b44                process_usb_cs_req
 .text.process_usb_vendor_req
                0x0000000000006baa      0x200 ./src/lsc_usb_ch9.o
                0x0000000000006baa                process_usb_vendor_req
 .text.lsc_usb_hw_init
                0x0000000000006daa       0xf6 ./src/lsc_usb_dev.o
                0x0000000000006daa                lsc_usb_hw_init
 .text.lsc_usb_read_hw_params
                0x0000000000006ea0       0x4a ./src/lsc_usb_dev.o
                0x0000000000006ea0                lsc_usb_read_hw_params
 .text.lsc_usb_phy_reset
                0x0000000000006eea      0x270 ./src/lsc_usb_dev.o
                0x0000000000006eea                lsc_usb_phy_reset
 .text.lsc_usb_evt_buf_setup
                0x000000000000715a       0xc8 ./src/lsc_usb_dev.o
                0x000000000000715a                lsc_usb_evt_buf_setup
 .text.lsc_usb_set_speed
                0x0000000000007222       0x6e ./src/lsc_usb_dev.o
                0x0000000000007222                lsc_usb_set_speed
 .text.lsc_usb_set_dev_add
                0x0000000000007290       0x82 ./src/lsc_usb_dev.o
                0x0000000000007290                lsc_usb_set_dev_add
 .text.lsc_usb_usleep
                0x0000000000007312       0x56 ./src/lsc_usb_dev.o
                0x0000000000007312                lsc_usb_usleep
 .text.lsc_read_dev_status_reg
                0x0000000000007368       0x9c ./src/lsc_usb_dev.o
                0x0000000000007368                lsc_read_dev_status_reg
 .text.lsc_usb_evt_buf_handler
                0x0000000000007404      0x104 ./src/lsc_usb_event.o
                0x0000000000007404                lsc_usb_evt_buf_handler
 .text.lsc_usb_ep_event
                0x0000000000007508       0xbc ./src/lsc_usb_event.o
                0x0000000000007508                lsc_usb_ep_event
 .text.lsc_usb_dev_event
                0x00000000000075c4       0xe8 ./src/lsc_usb_event.o
                0x00000000000075c4                lsc_usb_dev_event
 .text.lsc_usb_vendor_req
                0x00000000000076ac      0x968 ./src/lsc_usb_vendor.o
                0x00000000000076ac                lsc_usb_vendor_req
 .text.lsc_usb_init
                0x0000000000008014      0x1aa ./src/lscusb.o
                0x0000000000008014                lsc_usb_init
 .text.lsc_usb_initialize_eps
                0x00000000000081be      0x130 ./src/lscusb.o
                0x00000000000081be                lsc_usb_initialize_eps
 .text.lsc_usb_set_mode
                0x00000000000082ee       0x92 ./src/lscusb.o
                0x00000000000082ee                lsc_usb_set_mode
 .text.lsc_usb_start
                0x0000000000008380       0x7a ./src/lscusb.o
                0x0000000000008380                lsc_usb_start
 .text.lsc_usb_set_link_state
                0x00000000000083fa       0xb8 ./src/lscusb.o
                0x00000000000083fa                lsc_usb_set_link_state
 .text.isr_register
                0x00000000000084b2       0x4a ./src/main.o
                0x00000000000084b2                isr_register
 .text.configure_spi
                0x00000000000084fc       0x70 ./src/main.o
                0x00000000000084fc                configure_spi
 .text.main     0x000000000000856c      0x1cc ./src/main.o
                0x000000000000856c                main
 .text.__udivdi3
                0x0000000000008738      0x3a4 c:/lscc/propel/2024.2/sdk/riscv-none-embed-gcc/bin/../lib/gcc/riscv-none-embed/10.2.0/rv32imc/ilp32\libgcc.a(_udivdi3.o)
                0x0000000000008738                __udivdi3
 .text.printf   0x0000000000008adc       0x26 c:\lscc\propel\2024.2\sdk\riscv-none-embed-gcc\bin\../riscv-none-embed/picolibc/riscv-none-embed/lib/rv32imc/ilp32\libc.a(libc_tinystdio_printf.c.o)
                0x0000000000008adc                printf
 .text.puts     0x0000000000008b02       0x3e c:\lscc\propel\2024.2\sdk\riscv-none-embed-gcc\bin\../riscv-none-embed/picolibc/riscv-none-embed/lib/rv32imc/ilp32\libc.a(libc_tinystdio_puts.c.o)
                0x0000000000008b02                puts
 .text.sprintf  0x0000000000008b40       0x5a c:\lscc\propel\2024.2\sdk\riscv-none-embed-gcc\bin\../riscv-none-embed/picolibc/riscv-none-embed/lib/rv32imc/ilp32\libc.a(libc_tinystdio_sprintf.c.o)
                0x0000000000008b40                sprintf
 .text.__ultoa_invert
                0x0000000000008b9a      0x162 c:\lscc\propel\2024.2\sdk\riscv-none-embed-gcc\bin\../riscv-none-embed/picolibc/riscv-none-embed/lib/rv32imc/ilp32\libc.a(libc_tinystdio_vfprintf.c.o)
 .text.__d_vfprintf
                0x0000000000008cfc      0xa54 c:\lscc\propel\2024.2\sdk\riscv-none-embed-gcc\bin\../riscv-none-embed/picolibc/riscv-none-embed/lib/rv32imc/ilp32\libc.a(libc_tinystdio_vfprintf.c.o)
                0x0000000000008cfc                __d_vfprintf
 .text.mulShiftAll64
                0x0000000000009750      0x1ee c:\lscc\propel\2024.2\sdk\riscv-none-embed-gcc\bin\../riscv-none-embed/picolibc/riscv-none-embed/lib/rv32imc/ilp32\libc.a(libc_tinystdio_dtoa_ryu.c.o)
 .text.div10    0x000000000000993e       0x28 c:\lscc\propel\2024.2\sdk\riscv-none-embed-gcc\bin\../riscv-none-embed/picolibc/riscv-none-embed/lib/rv32imc/ilp32\libc.a(libc_tinystdio_dtoa_ryu.c.o)
 .text.__dtoa_engine
                0x0000000000009966      0x490 c:\lscc\propel\2024.2\sdk\riscv-none-embed-gcc\bin\../riscv-none-embed/picolibc/riscv-none-embed/lib/rv32imc/ilp32\libc.a(libc_tinystdio_dtoa_ryu.c.o)
                0x0000000000009966                __dtoa_engine
 .text.__pow5Factor
                0x0000000000009df6       0x42 c:\lscc\propel\2024.2\sdk\riscv-none-embed-gcc\bin\../riscv-none-embed/picolibc/riscv-none-embed/lib/rv32imc/ilp32\libc.a(libc_tinystdio_ryu_table.c.o)
                0x0000000000009df6                __pow5Factor
 .text.__double_computePow5
                0x0000000000009e38      0x100 c:\lscc\propel\2024.2\sdk\riscv-none-embed-gcc\bin\../riscv-none-embed/picolibc/riscv-none-embed/lib/rv32imc/ilp32\libc.a(libc_tinystdio_ryu_table.c.o)
                0x0000000000009e38                __double_computePow5
 .text.__double_computeInvPow5
                0x0000000000009f38      0x100 c:\lscc\propel\2024.2\sdk\riscv-none-embed-gcc\bin\../riscv-none-embed/picolibc/riscv-none-embed/lib/rv32imc/ilp32\libc.a(libc_tinystdio_ryu_table.c.o)
                0x0000000000009f38                __double_computeInvPow5
 .text.__log10Pow2
                0x000000000000a038        0xe c:\lscc\propel\2024.2\sdk\riscv-none-embed-gcc\bin\../riscv-none-embed/picolibc/riscv-none-embed/lib/rv32imc/ilp32\libc.a(libc_tinystdio_ryu_log10.c.o)
                0x000000000000a038                __log10Pow2
 .text.__log10Pow5
                0x000000000000a046       0x10 c:\lscc\propel\2024.2\sdk\riscv-none-embed-gcc\bin\../riscv-none-embed/picolibc/riscv-none-embed/lib/rv32imc/ilp32\libc.a(libc_tinystdio_ryu_log10.c.o)
                0x000000000000a046                __log10Pow5
 .text.__pow5bits
                0x000000000000a056       0x12 c:\lscc\propel\2024.2\sdk\riscv-none-embed-gcc\bin\../riscv-none-embed/picolibc/riscv-none-embed/lib/rv32imc/ilp32\libc.a(libc_tinystdio_ryu_pow5bits.c.o)
                0x000000000000a056                __pow5bits
 .text.__umul128
                0x000000000000a068       0x4e c:\lscc\propel\2024.2\sdk\riscv-none-embed-gcc\bin\../riscv-none-embed/picolibc/riscv-none-embed/lib/rv32imc/ilp32\libc.a(libc_tinystdio_ryu_umul128.c.o)
                0x000000000000a068                __umul128
 .text.__shiftright128
                0x000000000000a0b6       0x2a c:\lscc\propel\2024.2\sdk\riscv-none-embed-gcc\bin\../riscv-none-embed/picolibc/riscv-none-embed/lib/rv32imc/ilp32\libc.a(libc_tinystdio_ryu_umul128.c.o)
                0x000000000000a0b6                __shiftright128
 .text.memcpy   0x000000000000a0e0       0xdc c:\lscc\propel\2024.2\sdk\riscv-none-embed-gcc\bin\../riscv-none-embed/picolibc/riscv-none-embed/lib/rv32imc/ilp32\libc.a(memcpy.c.o)
                0x000000000000a0e0                memcpy
 .text.memset   0x000000000000a1bc       0xa8 c:\lscc\propel\2024.2\sdk\riscv-none-embed-gcc\bin\../riscv-none-embed/picolibc/riscv-none-embed/lib/rv32imc/ilp32\libc.a(memset.S.o)
                0x000000000000a1bc                memset
 .text.strlen   0x000000000000a264       0x12 c:\lscc\propel\2024.2\sdk\riscv-none-embed-gcc\bin\../riscv-none-embed/picolibc/riscv-none-embed/lib/rv32imc/ilp32\libc.a(strlen.c.o)
                0x000000000000a264                strlen
 .text.strnlen  0x000000000000a276       0x18 c:\lscc\propel\2024.2\sdk\riscv-none-embed-gcc\bin\../riscv-none-embed/picolibc/riscv-none-embed/lib/rv32imc/ilp32\libc.a(libc_string_strnlen.c.o)
                0x000000000000a276                strnlen
 .text.__file_str_put
                0x000000000000a28e       0x20 c:\lscc\propel\2024.2\sdk\riscv-none-embed-gcc\bin\../riscv-none-embed/picolibc/riscv-none-embed/lib/rv32imc/ilp32\libc.a(libc_tinystdio_filestrput.c.o)
                0x000000000000a28e                __file_str_put
 .text.fputc    0x000000000000a2ae       0x20 c:\lscc\propel\2024.2\sdk\riscv-none-embed-gcc\bin\../riscv-none-embed/picolibc/riscv-none-embed/lib/rv32imc/ilp32\libc.a(libc_tinystdio_fputc.c.o)
                0x000000000000a2ae                fputc
                0x000000000000a2ae                putc
 .text.__lshrdi3
                0x000000000000a2ce       0x2c c:/lscc/propel/2024.2/sdk/riscv-none-embed-gcc/bin/../lib/gcc/riscv-none-embed/10.2.0/rv32imc/ilp32\libgcc.a(_lshrdi3.o)
                0x000000000000a2ce                __lshrdi3
 .text.__ashldi3
                0x000000000000a2fa       0x2c c:/lscc/propel/2024.2/sdk/riscv-none-embed-gcc/bin/../lib/gcc/riscv-none-embed/10.2.0/rv32imc/ilp32\libgcc.a(_ashldi3.o)
                0x000000000000a2fa                __ashldi3
 .text.__umoddi3
                0x000000000000a326      0x38c c:/lscc/propel/2024.2/sdk/riscv-none-embed-gcc/bin/../lib/gcc/riscv-none-embed/10.2.0/rv32imc/ilp32\libgcc.a(_umoddi3.o)
                0x000000000000a326                __umoddi3
 .text          0x000000000000a6b2       0x60 c:/lscc/propel/2024.2/sdk/riscv-none-embed-gcc/bin/../lib/gcc/riscv-none-embed/10.2.0/rv32imc/ilp32\libgcc.a(save-restore.o)
                0x000000000000a6b2                __riscv_save_12
                0x000000000000a6ba                __riscv_save_9
                0x000000000000a6ba                __riscv_save_11
                0x000000000000a6ba                __riscv_save_10
                0x000000000000a6ba                __riscv_save_8
                0x000000000000a6c8                __riscv_save_4
                0x000000000000a6c8                __riscv_save_6
                0x000000000000a6c8                __riscv_save_5
                0x000000000000a6c8                __riscv_save_7
                0x000000000000a6e2                __riscv_save_3
                0x000000000000a6e2                __riscv_save_2
                0x000000000000a6e2                __riscv_save_1
                0x000000000000a6e2                __riscv_save_0
                0x000000000000a6ee                __riscv_restore_12
                0x000000000000a6f2                __riscv_restore_11
                0x000000000000a6f2                __riscv_restore_9
                0x000000000000a6f2                __riscv_restore_10
                0x000000000000a6f2                __riscv_restore_8
                0x000000000000a6fc                __riscv_restore_5
                0x000000000000a6fc                __riscv_restore_7
                0x000000000000a6fc                __riscv_restore_6
                0x000000000000a6fc                __riscv_restore_4
                0x000000000000a706                __riscv_restore_3
                0x000000000000a706                __riscv_restore_0
                0x000000000000a706                __riscv_restore_2
                0x000000000000a706                __riscv_restore_1
 *(.init)
 *(.fini)
                0x000000000000a714                . = ALIGN (0x4)
 *fill*         0x000000000000a712        0x2 
                0x000000000000a714                _etext = .

.ctors          0x000000000000a714        0x0
                0x000000000000a714                _ctors_start = .
 *(.init_array*)
 *(SORT_BY_NAME(.ctors.*))
 *(.ctors)
                0x000000000000a714                . = ALIGN (0x4)
                0x000000000000a714                _ctors_end = .

.dtors          0x000000000000a714        0x0
                0x000000000000a714                _dtors_start = .
 *(SORT_BY_NAME(.dtors.*))
 *(.dtors)
                0x000000000000a714                . = ALIGN (0x4)

.rodata         0x000000000000a718     0x1eec
 *(.rdata)
 *(.rodata .rodata.*)
 .rodata        0x000000000000a718       0x9b ./src/usbio/spi/lsc_spi.o
 *fill*         0x000000000000a7b3        0x1 
 .rodata        0x000000000000a7b4      0x299 ./src/usbio/spi/lsc_spi_req_mng.o
 *fill*         0x000000000000aa4d        0x3 
 .rodata        0x000000000000aa50      0x317 ./src/usbio/i2c/lsc_i2c_req_mng.o
 *fill*         0x000000000000ad67        0x1 
 .rodata        0x000000000000ad68      0x1dc ./src/usbio/gpio/lsc_gpio.o
 .rodata        0x000000000000af44      0x10a ./src/bsp/driver/riscv_mc/interrupt.o
 *fill*         0x000000000000b04e        0x2 
 .rodata.irq_callback
                0x000000000000b050       0x14 ./src/bsp/driver/riscv_mc/interrupt.o
 .rodata.__iob  0x000000000000b064        0xc ./src/bsp/driver/riscv_mc/iob.o
                0x000000000000b064                __iob
 .rodata        0x000000000000b070      0x347 ./src/bsp/driver/i2c_controller/i2c_master.o
 *fill*         0x000000000000b3b7        0x1 
 .rodata        0x000000000000b3b8       0x39 ./src/bsp/driver/gpio/gpio.o
 *fill*         0x000000000000b3f1        0x3 
 .rodata        0x000000000000b3f4       0xb8 ./src/lsc_ctrl_xfer.o
 .rodata        0x000000000000b4ac       0x89 ./src/lsc_ep0_handler.o
 *fill*         0x000000000000b535        0x3 
 .rodata        0x000000000000b538       0x10 ./src/lsc_ep_handler.o
 .rodata        0x000000000000b548      0x1fe ./src/lsc_intr.o
 *fill*         0x000000000000b746        0x2 
 .rodata.lsc_usb_connect_int
                0x000000000000b748       0x14 ./src/lsc_intr.o
 .rodata        0x000000000000b75c      0x3a9 ./src/lsc_usb_ch9.o
 *fill*         0x000000000000bb05        0x3 
 .rodata.process_usb_std_req
                0x000000000000bb08      0x108 ./src/lsc_usb_ch9.o
 .rodata.lsc_read_dev_status_reg
                0x000000000000bc10       0x40 ./src/lsc_usb_dev.o
 .rodata        0x000000000000bc50       0xd7 ./src/lsc_usb_event.o
 *fill*         0x000000000000bd27        0x1 
 .rodata.lsc_usb_dev_event
                0x000000000000bd28       0x3c ./src/lsc_usb_event.o
 .rodata        0x000000000000bd64      0x2fd ./src/lsc_usb_vendor.o
 *fill*         0x000000000000c061        0x3 
 .rodata        0x000000000000c064      0x101 ./src/lscusb.o
 *fill*         0x000000000000c165        0x3 
 .rodata        0x000000000000c168       0x5f ./src/main.o
 *fill*         0x000000000000c1c7        0x1 
 .rodata.__clz_tab
                0x000000000000c1c8      0x100 c:/lscc/propel/2024.2/sdk/riscv-none-embed-gcc/bin/../lib/gcc/riscv-none-embed/10.2.0/rv32imc/ilp32\libgcc.a(_clz.o)
                0x000000000000c1c8                __clz_tab
 .rodata.str1.4
                0x000000000000c2c8        0xf c:\lscc\propel\2024.2\sdk\riscv-none-embed-gcc\bin\../riscv-none-embed/picolibc/riscv-none-embed/lib/rv32imc/ilp32\libc.a(libc_tinystdio_vfprintf.c.o)
 *fill*         0x000000000000c2d7        0x1 
 .rodata        0x000000000000c2d8      0x32c c:\lscc\propel\2024.2\sdk\riscv-none-embed-gcc\bin\../riscv-none-embed/picolibc/riscv-none-embed/lib/rv32imc/ilp32\libc.a(libc_tinystdio_ryu_table.c.o)
 *(.gnu.linkonce.r.*)
                0x000000000000c604                . = ALIGN (0x4)

.rela.dyn       0x000000000000c604        0x0
 .rela.text     0x000000000000c604        0x0 ./src/usbio/spi/lsc_spi.o
 .rela.text.printf
                0x000000000000c604        0x0 ./src/usbio/spi/lsc_spi.o
 .rela.text.puts
                0x000000000000c604        0x0 ./src/usbio/spi/lsc_spi.o
 .rela.text.sprintf
                0x000000000000c604        0x0 ./src/usbio/spi/lsc_spi.o

.data           0x000000000000c608      0x578
 *(.data .data.*)
 .data.__stdio  0x000000000000c608       0x14 ./src/bsp/driver/riscv_mc/iob.o
 .data.descp_set
                0x000000000000c61c      0x14a ./src/lsc_usb_ch9.o
                0x000000000000c61c                descp_set
 *fill*         0x000000000000c766        0x2 
 .data.u20_device_desc
                0x000000000000c768       0x12 ./src/lsc_usb_ch9.o
                0x000000000000c768                u20_device_desc
 *fill*         0x000000000000c77a        0x2 
 .data.u30_device_desc
                0x000000000000c77c       0x12 ./src/lsc_usb_ch9.o
                0x000000000000c77c                u30_device_desc
 *fill*         0x000000000000c78e        0x2 
 .data.u20_config_desc_hs
                0x000000000000c790       0x20 ./src/lsc_usb_ch9.o
                0x000000000000c790                u20_config_desc_hs
 .data.u20_config_desc_fs
                0x000000000000c7b0       0x20 ./src/lsc_usb_ch9.o
                0x000000000000c7b0                u20_config_desc_fs
 .data.u30_config_desc
                0x000000000000c7d0       0x2c ./src/lsc_usb_ch9.o
                0x000000000000c7d0                u30_config_desc
 .data.device_qual_desc
                0x000000000000c7fc        0xa ./src/lsc_usb_ch9.o
                0x000000000000c7fc                device_qual_desc
 *fill*         0x000000000000c806        0x2 
 .data.u20_oth_speed_cfg_desc_hs
                0x000000000000c808       0x20 ./src/lsc_usb_ch9.o
                0x000000000000c808                u20_oth_speed_cfg_desc_hs
 .data.u20_oth_speed_cfg_desc_fs
                0x000000000000c828       0x20 ./src/lsc_usb_ch9.o
                0x000000000000c828                u20_oth_speed_cfg_desc_fs
 .data.string_desc
                0x000000000000c848      0x300 ./src/lsc_usb_ch9.o
 .data.bos_desc
                0x000000000000cb48       0x28 ./src/lsc_usb_ch9.o
                0x000000000000cb48                bos_desc
 *(.gnu.linkonce.d.*)
                0x000000000000cb70                . = ALIGN (0x4)
                0x000000000000d370                PROVIDE (__global_pointer$ = (. + 0x800))
 *(.sdata .sdata.*)
 .sdata.previous_ctrl_spi_cmd_cmp
                0x000000000000cb70        0x1 ./src/usbio/spi/lsc_spi_req_mng.o
                0x000000000000cb70                previous_ctrl_spi_cmd_cmp
 *(.gnu.linkonce.s.*)
 *(.srodata.cst16)
 *(.srodata.cst8)
 *fill*         0x000000000000cb71        0x7 
 .srodata.cst8  0x000000000000cb78        0x8 c:\lscc\propel\2024.2\sdk\riscv-none-embed-gcc\bin\../riscv-none-embed/picolibc/riscv-none-embed/lib/rv32imc/ilp32\libc.a(libc_tinystdio_dtoa_ryu.c.o)
 .srodata.cst8  0x000000000000cb80        0x8 c:\lscc\propel\2024.2\sdk\riscv-none-embed-gcc\bin\../riscv-none-embed/picolibc/riscv-none-embed/lib/rv32imc/ilp32\libc.a(libc_tinystdio_ryu_table.c.o)
 *(.srodata.cst4)
 *(.srodata.cst2)
 *(.srodata .srodata.*)
                0x000000000000cb88                . = ALIGN (0x4)

.bss            0x000000000000cb80     0x1480
                0x000000000000cb80                _bss_start = .
 *(.sbss*)
 .sbss.spi_usb_ack
                0x000000000000cb80        0x1 ./src/usbio/spi/lsc_spi.o
                0x000000000000cb80                spi_usb_ack
 .sbss.word_count_reg
                0x000000000000cb81        0x1 ./src/usbio/spi/lsc_spi.o
                0x000000000000cb81                word_count_reg
 .sbss.spi_rd_tracker
                0x000000000000cb82        0x2 ./src/usbio/spi/lsc_spi.o
                0x000000000000cb82                spi_rd_tracker
 .sbss.spi_wr_only
                0x000000000000cb84        0x1 ./src/usbio/spi/lsc_spi.o
                0x000000000000cb84                spi_wr_only
 *fill*         0x000000000000cb85        0x3 
 .sbss.wr_len   0x000000000000cb88        0x4 ./src/usbio/spi/lsc_spi.o
                0x000000000000cb88                wr_len
 .sbss.rd_len   0x000000000000cb8c        0x4 ./src/usbio/spi/lsc_spi.o
                0x000000000000cb8c                rd_len
 .sbss.scp_tx_payload_len
                0x000000000000cb90        0x2 ./src/usbio/spi/lsc_spi_req_mng.o
                0x000000000000cb90                scp_tx_payload_len
 .sbss.spi_tx_bufr_tracker
                0x000000000000cb92        0x2 ./src/usbio/spi/lsc_spi_req_mng.o
                0x000000000000cb92                spi_tx_bufr_tracker
 .sbss.spi_tx_len
                0x000000000000cb94        0x2 ./src/usbio/spi/lsc_spi_req_mng.o
                0x000000000000cb94                spi_tx_len
 .sbss.spi_rx_len
                0x000000000000cb96        0x2 ./src/usbio/spi/lsc_spi_req_mng.o
                0x000000000000cb96                spi_rx_len
 .sbss.g_stdio_uart
                0x000000000000cb98        0x4 ./src/bsp/driver/riscv_mc/iob.o
                0x000000000000cb98                g_stdio_uart
 .sbss.pic_dev  0x000000000000cb9c        0x4 ./src/bsp/driver/riscv_mc/pic.o
                0x000000000000cb9c                pic_dev
 .sbss.maxpktsz
                0x000000000000cba0        0x4 ./src/lsc_usb_ch9.o
                0x000000000000cba0                maxpktsz
 .sbss.interval
                0x000000000000cba4        0x4 ./src/lsc_usb_ch9.o
                0x000000000000cba4                interval
 .sbss.maxburst
                0x000000000000cba8        0x4 ./src/lsc_usb_ch9.o
                0x000000000000cba8                maxburst
 .sbss.bytes_interval
                0x000000000000cbac        0x4 ./src/lsc_usb_ch9.o
                0x000000000000cbac                bytes_interval
 .sbss.attribute
                0x000000000000cbb0        0x4 ./src/lsc_usb_ch9.o
                0x000000000000cbb0                attribute
 .sbss.ep_attribute
                0x000000000000cbb4        0x4 ./src/lsc_usb_ch9.o
                0x000000000000cbb4                ep_attribute
 .sbss.reponse_p
                0x000000000000cbb8        0x4 ./src/lsc_usb_ch9.o
                0x000000000000cbb8                reponse_p
 .sbss.IN_error_respond
                0x000000000000cbbc        0x1 ./src/lsc_usb_vendor.o
                0x000000000000cbbc                IN_error_respond
 .sbss.ret      0x000000000000cbbd        0x1 ./src/lsc_usb_vendor.o
                0x000000000000cbbd                ret
 *fill*         0x000000000000cbbe        0x2 
 .sbss.usb_dev  0x000000000000cbc0        0x4 ./src/main.o
                0x000000000000cbc0                usb_dev
 .sbss.pdata    0x000000000000cbc4        0x4 ./src/main.o
                0x000000000000cbc4                pdata
 .sbss.platform
                0x000000000000cbc8        0x8 ./src/main.o
                0x000000000000cbc8                platform
 .sbss.resp     0x000000000000cbd0        0x4 ./src/main.o
                0x000000000000cbd0                resp
 *(.gnu.linkonce.sb.*)
 *(.bss .bss.*)
 .bss.spi_rx_bufr
                0x000000000000cbd4      0x100 ./src/usbio/spi/lsc_spi_req_mng.o
                0x000000000000cbd4                spi_rx_bufr
 .bss.spi_tx_bufr
                0x000000000000ccd4      0x100 ./src/usbio/spi/lsc_spi_req_mng.o
                0x000000000000ccd4                spi_tx_bufr
 .bss.int_table
                0x000000000000cdd4       0x48 ./src/bsp/driver/riscv_mc/pic.o
                0x000000000000cdd4                int_table
 *fill*         0x000000000000ce1c        0x4 
 .bss.ctrl_data_buf
                0x000000000000ce20      0x200 ./src/lsc_ep0_handler.o
                0x000000000000ce20                ctrl_data_buf
 .bss.v_buf     0x000000000000d020       0x40 ./src/lsc_usb_ch9.o
                0x000000000000d020                v_buf
 .bss.uart_core_uart
                0x000000000000d060       0x58 ./src/main.o
                0x000000000000d060                uart_core_uart
 *fill*         0x000000000000d0b8        0x8 
 .bss.usb_device
                0x000000000000d0c0      0xc40 ./src/main.o
                0x000000000000d0c0                usb_device
 .bss.response  0x000000000000dd00       0x40 ./src/main.o
                0x000000000000dd00                response
 .bss.gpio_inst
                0x000000000000dd40       0x88 ./src/main.o
                0x000000000000dd40                gpio_inst
 .bss.i2c_dev   0x000000000000ddc8       0x14 ./src/main.o
                0x000000000000ddc8                i2c_dev
 .bss.spi_dev   0x000000000000dddc      0x124 ./src/main.o
                0x000000000000dddc                spi_dev
 .bss.print_buf
                0x000000000000df00      0x100 ./src/main.o
                0x000000000000df00                print_buf
 *(.gnu.linkonce.b.*)
 *(COMMON)
                0x000000000000e000                . = ALIGN (0x4)
                0x000000000000e000                _bss_end = .

.heap           0x000000000000e000        0x0
                [!provide]                        PROVIDE (_heap_start = .)
                [!provide]                        PROVIDE (__heap_start = .)
                0x000000000000e000                . = (. + _HEAP_SIZE)
                0x000000000000e000                . = ALIGN (0x8)
                [!provide]                        PROVIDE (_heap_end = .)
                [!provide]                        PROVIDE (__heap_end = .)

.stack          0x000000000000e000      0xa00
                [!provide]                        PROVIDE (_stack_end = .)
                0x000000000000ea00                . = (. + _STACK_SIZE)
 *fill*         0x000000000000e000      0xa00 
                0x000000000000ea00                . = ALIGN (0x10)
                0x000000000000ea00                PROVIDE (_stack_start = .)
                [!provide]                        PROVIDE (_end = .)
                [!provide]                        PROVIDE (end = .)
OUTPUT(RDFW_IOA_USB.elf elf32-littleriscv)

.debug_info     0x0000000000000000     0xb36e
 .debug_info    0x0000000000000000      0x45f ./src/usbio/spi/lsc_spi.o
 .debug_info    0x000000000000045f      0x89e ./src/usbio/spi/lsc_spi_req_mng.o
 .debug_info    0x0000000000000cfd      0x86f ./src/usbio/i2c/lsc_i2c_req_mng.o
 .debug_info    0x000000000000156c      0x87f ./src/usbio/gpio/lsc_gpio.o
 .debug_info    0x0000000000001deb      0x4c1 ./src/bsp/driver/uart/uart.o
 .debug_info    0x00000000000022ac       0x22 ./src/bsp/driver/riscv_mc/crt0.o
 .debug_info    0x00000000000022ce       0xa0 ./src/bsp/driver/riscv_mc/exit.o
 .debug_info    0x000000000000236e      0x1a6 ./src/bsp/driver/riscv_mc/interrupt.o
 .debug_info    0x0000000000002514      0x3d7 ./src/bsp/driver/riscv_mc/iob.o
 .debug_info    0x00000000000028eb      0x3cc ./src/bsp/driver/riscv_mc/pic.o
 .debug_info    0x0000000000002cb7      0x32d ./src/bsp/driver/riscv_mc/reg_access.o
 .debug_info    0x0000000000002fe4      0x541 ./src/bsp/driver/riscv_mc/timer.o
 .debug_info    0x0000000000003525      0x667 ./src/bsp/driver/i2c_controller/i2c_master.o
 .debug_info    0x0000000000003b8c      0x29a ./src/bsp/driver/gpio/gpio.o
 .debug_info    0x0000000000003e26      0x723 ./src/lsc_command.o
 .debug_info    0x0000000000004549      0x86a ./src/lsc_ctrl_xfer.o
 .debug_info    0x0000000000004db3      0x7f0 ./src/lsc_endpoint.o
 .debug_info    0x00000000000055a3      0x890 ./src/lsc_ep0_handler.o
 .debug_info    0x0000000000005e33      0xb16 ./src/lsc_ep_handler.o
 .debug_info    0x0000000000006949      0xa74 ./src/lsc_intr.o
 .debug_info    0x00000000000073bd      0x3cd ./src/lsc_reg_access.o
 .debug_info    0x000000000000778a     0x1073 ./src/lsc_usb_ch9.o
 .debug_info    0x00000000000087fd      0x80a ./src/lsc_usb_dev.o
 .debug_info    0x0000000000009007      0x83e ./src/lsc_usb_event.o
 .debug_info    0x0000000000009845      0x791 ./src/lsc_usb_vendor.o
 .debug_info    0x0000000000009fd6      0x7b1 ./src/lscusb.o
 .debug_info    0x000000000000a787      0xbe7 ./src/main.o

.debug_abbrev   0x0000000000000000     0x32c2
 .debug_abbrev  0x0000000000000000      0x180 ./src/usbio/spi/lsc_spi.o
 .debug_abbrev  0x0000000000000180      0x233 ./src/usbio/spi/lsc_spi_req_mng.o
 .debug_abbrev  0x00000000000003b3      0x290 ./src/usbio/i2c/lsc_i2c_req_mng.o
 .debug_abbrev  0x0000000000000643      0x2a5 ./src/usbio/gpio/lsc_gpio.o
 .debug_abbrev  0x00000000000008e8      0x147 ./src/bsp/driver/uart/uart.o
 .debug_abbrev  0x0000000000000a2f       0x12 ./src/bsp/driver/riscv_mc/crt0.o
 .debug_abbrev  0x0000000000000a41       0x5b ./src/bsp/driver/riscv_mc/exit.o
 .debug_abbrev  0x0000000000000a9c      0x137 ./src/bsp/driver/riscv_mc/interrupt.o
 .debug_abbrev  0x0000000000000bd3      0x194 ./src/bsp/driver/riscv_mc/iob.o
 .debug_abbrev  0x0000000000000d67      0x193 ./src/bsp/driver/riscv_mc/pic.o
 .debug_abbrev  0x0000000000000efa       0xa8 ./src/bsp/driver/riscv_mc/reg_access.o
 .debug_abbrev  0x0000000000000fa2      0x196 ./src/bsp/driver/riscv_mc/timer.o
 .debug_abbrev  0x0000000000001138      0x235 ./src/bsp/driver/i2c_controller/i2c_master.o
 .debug_abbrev  0x000000000000136d      0x11e ./src/bsp/driver/gpio/gpio.o
 .debug_abbrev  0x000000000000148b      0x1da ./src/lsc_command.o
 .debug_abbrev  0x0000000000001665      0x27f ./src/lsc_ctrl_xfer.o
 .debug_abbrev  0x00000000000018e4      0x1ff ./src/lsc_endpoint.o
 .debug_abbrev  0x0000000000001ae3      0x2b1 ./src/lsc_ep0_handler.o
 .debug_abbrev  0x0000000000001d94      0x2e0 ./src/lsc_ep_handler.o
 .debug_abbrev  0x0000000000002074      0x27d ./src/lsc_intr.o
 .debug_abbrev  0x00000000000022f1      0x129 ./src/lsc_reg_access.o
 .debug_abbrev  0x000000000000241a      0x2da ./src/lsc_usb_ch9.o
 .debug_abbrev  0x00000000000026f4      0x28a ./src/lsc_usb_dev.o
 .debug_abbrev  0x000000000000297e      0x1dc ./src/lsc_usb_event.o
 .debug_abbrev  0x0000000000002b5a      0x280 ./src/lsc_usb_vendor.o
 .debug_abbrev  0x0000000000002dda      0x1f8 ./src/lscusb.o
 .debug_abbrev  0x0000000000002fd2      0x2f0 ./src/main.o

.debug_aranges  0x0000000000000000      0x6e0
 .debug_aranges
                0x0000000000000000       0x30 ./src/usbio/spi/lsc_spi.o
 .debug_aranges
                0x0000000000000030       0x20 ./src/usbio/spi/lsc_spi_req_mng.o
 .debug_aranges
                0x0000000000000050       0x20 ./src/usbio/i2c/lsc_i2c_req_mng.o
 .debug_aranges
                0x0000000000000070       0x40 ./src/usbio/gpio/lsc_gpio.o
 .debug_aranges
                0x00000000000000b0       0x40 ./src/bsp/driver/uart/uart.o
 .debug_aranges
                0x00000000000000f0       0x28 ./src/bsp/driver/riscv_mc/crt0.o
 .debug_aranges
                0x0000000000000118       0x20 ./src/bsp/driver/riscv_mc/exit.o
 .debug_aranges
                0x0000000000000138       0x28 ./src/bsp/driver/riscv_mc/interrupt.o
 .debug_aranges
                0x0000000000000160       0x30 ./src/bsp/driver/riscv_mc/iob.o
 .debug_aranges
                0x0000000000000190       0x68 ./src/bsp/driver/riscv_mc/pic.o
 .debug_aranges
                0x00000000000001f8       0x58 ./src/bsp/driver/riscv_mc/reg_access.o
 .debug_aranges
                0x0000000000000250       0x78 ./src/bsp/driver/riscv_mc/timer.o
 .debug_aranges
                0x00000000000002c8       0x50 ./src/bsp/driver/i2c_controller/i2c_master.o
 .debug_aranges
                0x0000000000000318       0x38 ./src/bsp/driver/gpio/gpio.o
 .debug_aranges
                0x0000000000000350       0x38 ./src/lsc_command.o
 .debug_aranges
                0x0000000000000388       0x48 ./src/lsc_ctrl_xfer.o
 .debug_aranges
                0x00000000000003d0       0x48 ./src/lsc_endpoint.o
 .debug_aranges
                0x0000000000000418       0x40 ./src/lsc_ep0_handler.o
 .debug_aranges
                0x0000000000000458       0x60 ./src/lsc_ep_handler.o
 .debug_aranges
                0x00000000000004b8       0x70 ./src/lsc_intr.o
 .debug_aranges
                0x0000000000000528       0x50 ./src/lsc_reg_access.o
 .debug_aranges
                0x0000000000000578       0x38 ./src/lsc_usb_ch9.o
 .debug_aranges
                0x00000000000005b0       0x58 ./src/lsc_usb_dev.o
 .debug_aranges
                0x0000000000000608       0x30 ./src/lsc_usb_event.o
 .debug_aranges
                0x0000000000000638       0x20 ./src/lsc_usb_vendor.o
 .debug_aranges
                0x0000000000000658       0x50 ./src/lscusb.o
 .debug_aranges
                0x00000000000006a8       0x38 ./src/main.o

.debug_ranges   0x0000000000000000      0x568
 .debug_ranges  0x0000000000000000       0x20 ./src/usbio/spi/lsc_spi.o
 .debug_ranges  0x0000000000000020       0x10 ./src/usbio/spi/lsc_spi_req_mng.o
 .debug_ranges  0x0000000000000030       0x10 ./src/usbio/i2c/lsc_i2c_req_mng.o
 .debug_ranges  0x0000000000000040       0x30 ./src/usbio/gpio/lsc_gpio.o
 .debug_ranges  0x0000000000000070       0x30 ./src/bsp/driver/uart/uart.o
 .debug_ranges  0x00000000000000a0       0x20 ./src/bsp/driver/riscv_mc/crt0.o
 .debug_ranges  0x00000000000000c0       0x10 ./src/bsp/driver/riscv_mc/exit.o
 .debug_ranges  0x00000000000000d0       0x18 ./src/bsp/driver/riscv_mc/interrupt.o
 .debug_ranges  0x00000000000000e8       0x20 ./src/bsp/driver/riscv_mc/iob.o
 .debug_ranges  0x0000000000000108       0x58 ./src/bsp/driver/riscv_mc/pic.o
 .debug_ranges  0x0000000000000160       0x48 ./src/bsp/driver/riscv_mc/reg_access.o
 .debug_ranges  0x00000000000001a8       0x68 ./src/bsp/driver/riscv_mc/timer.o
 .debug_ranges  0x0000000000000210       0x40 ./src/bsp/driver/i2c_controller/i2c_master.o
 .debug_ranges  0x0000000000000250       0x28 ./src/bsp/driver/gpio/gpio.o
 .debug_ranges  0x0000000000000278       0x28 ./src/lsc_command.o
 .debug_ranges  0x00000000000002a0       0x38 ./src/lsc_ctrl_xfer.o
 .debug_ranges  0x00000000000002d8       0x38 ./src/lsc_endpoint.o
 .debug_ranges  0x0000000000000310       0x30 ./src/lsc_ep0_handler.o
 .debug_ranges  0x0000000000000340       0x50 ./src/lsc_ep_handler.o
 .debug_ranges  0x0000000000000390       0x60 ./src/lsc_intr.o
 .debug_ranges  0x00000000000003f0       0x40 ./src/lsc_reg_access.o
 .debug_ranges  0x0000000000000430       0x58 ./src/lsc_usb_ch9.o
 .debug_ranges  0x0000000000000488       0x48 ./src/lsc_usb_dev.o
 .debug_ranges  0x00000000000004d0       0x20 ./src/lsc_usb_event.o
 .debug_ranges  0x00000000000004f0       0x10 ./src/lsc_usb_vendor.o
 .debug_ranges  0x0000000000000500       0x40 ./src/lscusb.o
 .debug_ranges  0x0000000000000540       0x28 ./src/main.o

.debug_macro    0x0000000000000000     0x75cc
 .debug_macro   0x0000000000000000      0x29c ./src/usbio/spi/lsc_spi.o
 .debug_macro   0x000000000000029c      0x778 ./src/usbio/spi/lsc_spi.o
 .debug_macro   0x0000000000000a14      0x4c5 ./src/usbio/spi/lsc_spi.o
 .debug_macro   0x0000000000000ed9       0x35 ./src/usbio/spi/lsc_spi.o
 .debug_macro   0x0000000000000f0e       0x94 ./src/usbio/spi/lsc_spi.o
 .debug_macro   0x0000000000000fa2      0x201 ./src/usbio/spi/lsc_spi.o
 .debug_macro   0x00000000000011a3       0x3b ./src/usbio/spi/lsc_spi.o
 .debug_macro   0x00000000000011de       0x34 ./src/usbio/spi/lsc_spi.o
 .debug_macro   0x0000000000001212       0x57 ./src/usbio/spi/lsc_spi.o
 .debug_macro   0x0000000000001269      0x174 ./src/usbio/spi/lsc_spi.o
 .debug_macro   0x00000000000013dd      0x358 ./src/usbio/spi/lsc_spi.o
 .debug_macro   0x0000000000001735       0x10 ./src/usbio/spi/lsc_spi.o
 .debug_macro   0x0000000000001745       0x16 ./src/usbio/spi/lsc_spi.o
 .debug_macro   0x000000000000175b       0x43 ./src/usbio/spi/lsc_spi.o
 .debug_macro   0x000000000000179e       0x35 ./src/usbio/spi/lsc_spi.o
 .debug_macro   0x00000000000017d3       0x6a ./src/usbio/spi/lsc_spi.o
 .debug_macro   0x000000000000183d       0x1c ./src/usbio/spi/lsc_spi.o
 .debug_macro   0x0000000000001859       0xb2 ./src/usbio/spi/lsc_spi.o
 .debug_macro   0x000000000000190b       0xef ./src/usbio/spi/lsc_spi.o
 .debug_macro   0x00000000000019fa      0x103 ./src/usbio/spi/lsc_spi.o
 .debug_macro   0x0000000000001afd      0x1df ./src/usbio/spi/lsc_spi.o
 .debug_macro   0x0000000000001cdc       0x12 ./src/usbio/spi/lsc_spi.o
 .debug_macro   0x0000000000001cee      0x13c ./src/usbio/spi/lsc_spi.o
 .debug_macro   0x0000000000001e2a      0x187 ./src/usbio/spi/lsc_spi.o
 .debug_macro   0x0000000000001fb1       0x22 ./src/usbio/spi/lsc_spi.o
 .debug_macro   0x0000000000001fd3       0xf4 ./src/usbio/spi/lsc_spi.o
 .debug_macro   0x00000000000020c7       0x1c ./src/usbio/spi/lsc_spi.o
 .debug_macro   0x00000000000020e3       0x94 ./src/usbio/spi/lsc_spi.o
 .debug_macro   0x0000000000002177       0x16 ./src/usbio/spi/lsc_spi.o
 .debug_macro   0x000000000000218d       0x46 ./src/usbio/spi/lsc_spi.o
 .debug_macro   0x00000000000021d3       0xb2 ./src/usbio/spi/lsc_spi.o
 .debug_macro   0x0000000000002285       0xb8 ./src/usbio/spi/lsc_spi.o
 .debug_macro   0x000000000000233d       0x58 ./src/usbio/spi/lsc_spi.o
 .debug_macro   0x0000000000002395       0x35 ./src/usbio/spi/lsc_spi.o
 .debug_macro   0x00000000000023ca      0x4cc ./src/usbio/spi/lsc_spi.o
 .debug_macro   0x0000000000002896       0x58 ./src/usbio/spi/lsc_spi.o
 .debug_macro   0x00000000000028ee       0x10 ./src/usbio/spi/lsc_spi.o
 .debug_macro   0x00000000000028fe       0xf9 ./src/usbio/spi/lsc_spi.o
 .debug_macro   0x00000000000029f7       0x16 ./src/usbio/spi/lsc_spi.o
 .debug_macro   0x0000000000002a0d       0x16 ./src/usbio/spi/lsc_spi.o
 .debug_macro   0x0000000000002a23       0x2f ./src/usbio/spi/lsc_spi.o
 .debug_macro   0x0000000000002a52       0x16 ./src/usbio/spi/lsc_spi.o
 .debug_macro   0x0000000000002a68       0x94 ./src/usbio/spi/lsc_spi.o
 .debug_macro   0x0000000000002afc      0x4b7 ./src/usbio/spi/lsc_spi.o
 .debug_macro   0x0000000000002fb3      0x209 ./src/usbio/spi/lsc_spi.o
 .debug_macro   0x00000000000031bc       0x3a ./src/usbio/spi/lsc_spi.o
 .debug_macro   0x00000000000031f6       0x40 ./src/usbio/spi/lsc_spi.o
 .debug_macro   0x0000000000003236      0x2af ./src/usbio/spi/lsc_spi.o
 .debug_macro   0x00000000000034e5      0x29c ./src/usbio/spi/lsc_spi_req_mng.o
 .debug_macro   0x0000000000003781      0x292 ./src/usbio/i2c/lsc_i2c_req_mng.o
 .debug_macro   0x0000000000003a13      0x142 ./src/usbio/i2c/lsc_i2c_req_mng.o
 .debug_macro   0x0000000000003b55      0x296 ./src/usbio/gpio/lsc_gpio.o
 .debug_macro   0x0000000000003deb       0x10 ./src/usbio/gpio/lsc_gpio.o
 .debug_macro   0x0000000000003dfb       0x8e ./src/usbio/gpio/lsc_gpio.o
 .debug_macro   0x0000000000003e89       0x51 ./src/usbio/gpio/lsc_gpio.o
 .debug_macro   0x0000000000003eda       0x19 ./src/usbio/gpio/lsc_gpio.o
 .debug_macro   0x0000000000003ef3       0xb8 ./src/usbio/gpio/lsc_gpio.o
 .debug_macro   0x0000000000003fab      0x181 ./src/bsp/driver/uart/uart.o
 .debug_macro   0x000000000000412c       0x52 ./src/bsp/driver/uart/uart.o
 .debug_macro   0x000000000000417e       0x10 ./src/bsp/driver/uart/uart.o
 .debug_macro   0x000000000000418e       0x82 ./src/bsp/driver/uart/uart.o
 .debug_macro   0x0000000000004210       0x97 ./src/bsp/driver/uart/uart.o
 .debug_macro   0x00000000000042a7       0x20 ./src/bsp/driver/uart/uart.o
 .debug_macro   0x00000000000042c7       0x8d ./src/bsp/driver/uart/uart.o
 .debug_macro   0x0000000000004354      0x118 ./src/bsp/driver/riscv_mc/exit.o
 .debug_macro   0x000000000000446c      0x141 ./src/bsp/driver/riscv_mc/interrupt.o
 .debug_macro   0x00000000000045ad       0x22 ./src/bsp/driver/riscv_mc/interrupt.o
 .debug_macro   0x00000000000045cf      0x130 ./src/bsp/driver/riscv_mc/iob.o
 .debug_macro   0x00000000000046ff      0x2ac ./src/bsp/driver/riscv_mc/pic.o
 .debug_macro   0x00000000000049ab       0x63 ./src/bsp/driver/riscv_mc/reg_access.o
 .debug_macro   0x0000000000004a0e      0x1e0 ./src/bsp/driver/riscv_mc/timer.o
 .debug_macro   0x0000000000004bee       0x1c ./src/bsp/driver/riscv_mc/timer.o
 .debug_macro   0x0000000000004c0a       0x34 ./src/bsp/driver/riscv_mc/timer.o
 .debug_macro   0x0000000000004c3e      0x2bc ./src/bsp/driver/i2c_controller/i2c_master.o
 .debug_macro   0x0000000000004efa      0x2a8 ./src/bsp/driver/gpio/gpio.o
 .debug_macro   0x00000000000051a2      0x28c ./src/lsc_command.o
 .debug_macro   0x000000000000542e      0x29b ./src/lsc_ctrl_xfer.o
 .debug_macro   0x00000000000056c9      0x1df ./src/lsc_ctrl_xfer.o
 .debug_macro   0x00000000000058a8      0x28c ./src/lsc_endpoint.o
 .debug_macro   0x0000000000005b34      0x292 ./src/lsc_ep0_handler.o
 .debug_macro   0x0000000000005dc6      0x28c ./src/lsc_ep_handler.o
 .debug_macro   0x0000000000006052      0x292 ./src/lsc_intr.o
 .debug_macro   0x00000000000062e4      0x286 ./src/lsc_reg_access.o
 .debug_macro   0x000000000000656a      0x2b3 ./src/lsc_usb_ch9.o
 .debug_macro   0x000000000000681d       0x1c ./src/lsc_usb_ch9.o
 .debug_macro   0x0000000000006839       0x4c ./src/lsc_usb_ch9.o
 .debug_macro   0x0000000000006885      0x28c ./src/lsc_usb_dev.o
 .debug_macro   0x0000000000006b11      0x28c ./src/lsc_usb_event.o
 .debug_macro   0x0000000000006d9d      0x2a4 ./src/lsc_usb_vendor.o
 .debug_macro   0x0000000000007041      0x292 ./src/lscusb.o
 .debug_macro   0x00000000000072d3      0x2d7 ./src/main.o
 .debug_macro   0x00000000000075aa       0x22 ./src/main.o

.debug_line     0x0000000000000000    0x12055
 .debug_line    0x0000000000000000      0xc2c ./src/usbio/spi/lsc_spi.o
 .debug_line    0x0000000000000c2c      0xb79 ./src/usbio/spi/lsc_spi_req_mng.o
 .debug_line    0x00000000000017a5      0xdec ./src/usbio/i2c/lsc_i2c_req_mng.o
 .debug_line    0x0000000000002591      0xb93 ./src/usbio/gpio/lsc_gpio.o
 .debug_line    0x0000000000003124      0x74a ./src/bsp/driver/uart/uart.o
 .debug_line    0x000000000000386e      0x27c ./src/bsp/driver/riscv_mc/crt0.o
 .debug_line    0x0000000000003aea      0x2da ./src/bsp/driver/riscv_mc/exit.o
 .debug_line    0x0000000000003dc4      0x41d ./src/bsp/driver/riscv_mc/interrupt.o
 .debug_line    0x00000000000041e1      0x3b2 ./src/bsp/driver/riscv_mc/iob.o
 .debug_line    0x0000000000004593      0xb55 ./src/bsp/driver/riscv_mc/pic.o
 .debug_line    0x00000000000050e8      0x3ce ./src/bsp/driver/riscv_mc/reg_access.o
 .debug_line    0x00000000000054b6      0x887 ./src/bsp/driver/riscv_mc/timer.o
 .debug_line    0x0000000000005d3d     0x164d ./src/bsp/driver/i2c_controller/i2c_master.o
 .debug_line    0x000000000000738a      0x9d8 ./src/bsp/driver/gpio/gpio.o
 .debug_line    0x0000000000007d62      0xa2a ./src/lsc_command.o
 .debug_line    0x000000000000878c      0xb28 ./src/lsc_ctrl_xfer.o
 .debug_line    0x00000000000092b4      0xa0e ./src/lsc_endpoint.o
 .debug_line    0x0000000000009cc2      0xbba ./src/lsc_ep0_handler.o
 .debug_line    0x000000000000a87c     0x1023 ./src/lsc_ep_handler.o
 .debug_line    0x000000000000b89f      0xd05 ./src/lsc_intr.o
 .debug_line    0x000000000000c5a4      0x8a3 ./src/lsc_reg_access.o
 .debug_line    0x000000000000ce47     0x1ad9 ./src/lsc_usb_ch9.o
 .debug_line    0x000000000000e920      0xbcf ./src/lsc_usb_dev.o
 .debug_line    0x000000000000f4ef      0x988 ./src/lsc_usb_event.o
 .debug_line    0x000000000000fe77      0xd04 ./src/lsc_usb_vendor.o
 .debug_line    0x0000000000010b7b      0xb67 ./src/lscusb.o
 .debug_line    0x00000000000116e2      0x973 ./src/main.o

.debug_str      0x0000000000000000    0x10a53
 .debug_str     0x0000000000000000     0xdcce ./src/usbio/spi/lsc_spi.o
                                       0xdfef (size before relaxing)
 .debug_str     0x000000000000dcce      0x4cd ./src/usbio/spi/lsc_spi_req_mng.o
                                       0xe338 (size before relaxing)
 .debug_str     0x000000000000e19b       0xdf ./src/usbio/i2c/lsc_i2c_req_mng.o
                                       0xe2de (size before relaxing)
 .debug_str     0x000000000000e27a      0x184 ./src/usbio/gpio/lsc_gpio.o
                                       0xe2a8 (size before relaxing)
 .debug_str     0x000000000000e3fe      0x265 ./src/bsp/driver/uart/uart.o
                                       0x846e (size before relaxing)
 .debug_str     0x000000000000e663       0x2e ./src/bsp/driver/riscv_mc/crt0.o
                                         0x8e (size before relaxing)
 .debug_str     0x000000000000e691       0x28 ./src/bsp/driver/riscv_mc/exit.o
                                       0x807b (size before relaxing)
 .debug_str     0x000000000000e6b9      0x174 ./src/bsp/driver/riscv_mc/interrupt.o
                                       0x6dcc (size before relaxing)
 .debug_str     0x000000000000e82d       0x7a ./src/bsp/driver/riscv_mc/iob.o
                                       0x838e (size before relaxing)
 .debug_str     0x000000000000e8a7      0x156 ./src/bsp/driver/riscv_mc/pic.o
                                       0xdfac (size before relaxing)
 .debug_str     0x000000000000e9fd       0xda ./src/bsp/driver/riscv_mc/reg_access.o
                                       0x485a (size before relaxing)
 .debug_str     0x000000000000ead7      0x1bf ./src/bsp/driver/riscv_mc/timer.o
                                       0x92e8 (size before relaxing)
 .debug_str     0x000000000000ec96      0x242 ./src/bsp/driver/i2c_controller/i2c_master.o
                                       0xe11b (size before relaxing)
 .debug_str     0x000000000000eed8       0x91 ./src/bsp/driver/gpio/gpio.o
                                       0xded2 (size before relaxing)
 .debug_str     0x000000000000ef69       0xa4 ./src/lsc_command.o
                                       0xe124 (size before relaxing)
 .debug_str     0x000000000000f00d      0x814 ./src/lsc_ctrl_xfer.o
                                       0xe8ef (size before relaxing)
 .debug_str     0x000000000000f821       0xc6 ./src/lsc_endpoint.o
                                       0xe16a (size before relaxing)
 .debug_str     0x000000000000f8e7      0x108 ./src/lsc_ep0_handler.o
                                       0xe218 (size before relaxing)
 .debug_str     0x000000000000f9ef      0x127 ./src/lsc_ep_handler.o
                                       0xe235 (size before relaxing)
 .debug_str     0x000000000000fb16      0x2d7 ./src/lsc_intr.o
                                       0xe409 (size before relaxing)
 .debug_str     0x000000000000fded       0x6d ./src/lsc_reg_access.o
                                       0xdf21 (size before relaxing)
 .debug_str     0x000000000000fe5a      0x708 ./src/lsc_usb_ch9.o
                                       0xee7f (size before relaxing)
 .debug_str     0x0000000000010562      0x11a ./src/lsc_usb_dev.o
                                       0xe1bb (size before relaxing)
 .debug_str     0x000000000001067c       0x68 ./src/lsc_usb_event.o
                                       0xe23e (size before relaxing)
 .debug_str     0x00000000000106e4       0xe1 ./src/lsc_usb_vendor.o
                                       0xe1f6 (size before relaxing)
 .debug_str     0x00000000000107c5      0x111 ./src/lscusb.o
                                       0xe282 (size before relaxing)
 .debug_str     0x00000000000108d6      0x17d ./src/main.o
                                       0xe5bb (size before relaxing)

.comment        0x0000000000000000       0x33
 .comment       0x0000000000000000       0x33 ./src/usbio/spi/lsc_spi.o
                                         0x34 (size before relaxing)
 .comment       0x0000000000000033       0x34 ./src/usbio/spi/lsc_spi_req_mng.o
 .comment       0x0000000000000033       0x34 ./src/usbio/i2c/lsc_i2c_req_mng.o
 .comment       0x0000000000000033       0x34 ./src/usbio/gpio/lsc_gpio.o
 .comment       0x0000000000000033       0x34 ./src/bsp/driver/uart/uart.o
 .comment       0x0000000000000033       0x34 ./src/bsp/driver/riscv_mc/exit.o
 .comment       0x0000000000000033       0x34 ./src/bsp/driver/riscv_mc/interrupt.o
 .comment       0x0000000000000033       0x34 ./src/bsp/driver/riscv_mc/iob.o
 .comment       0x0000000000000033       0x34 ./src/bsp/driver/riscv_mc/pic.o
 .comment       0x0000000000000033       0x34 ./src/bsp/driver/riscv_mc/reg_access.o
 .comment       0x0000000000000033       0x34 ./src/bsp/driver/riscv_mc/timer.o
 .comment       0x0000000000000033       0x34 ./src/bsp/driver/i2c_controller/i2c_master.o
 .comment       0x0000000000000033       0x34 ./src/bsp/driver/gpio/gpio.o
 .comment       0x0000000000000033       0x34 ./src/lsc_command.o
 .comment       0x0000000000000033       0x34 ./src/lsc_ctrl_xfer.o
 .comment       0x0000000000000033       0x34 ./src/lsc_endpoint.o
 .comment       0x0000000000000033       0x34 ./src/lsc_ep0_handler.o
 .comment       0x0000000000000033       0x34 ./src/lsc_ep_handler.o
 .comment       0x0000000000000033       0x34 ./src/lsc_intr.o
 .comment       0x0000000000000033       0x34 ./src/lsc_reg_access.o
 .comment       0x0000000000000033       0x34 ./src/lsc_usb_ch9.o
 .comment       0x0000000000000033       0x34 ./src/lsc_usb_dev.o
 .comment       0x0000000000000033       0x34 ./src/lsc_usb_event.o
 .comment       0x0000000000000033       0x34 ./src/lsc_usb_vendor.o
 .comment       0x0000000000000033       0x34 ./src/lscusb.o
 .comment       0x0000000000000033       0x34 ./src/main.o
 .comment       0x0000000000000033       0x34 c:/lscc/propel/2024.2/sdk/riscv-none-embed-gcc/bin/../lib/gcc/riscv-none-embed/10.2.0/rv32imc/ilp32\libgcc.a(_udivdi3.o)
 .comment       0x0000000000000033       0x34 c:/lscc/propel/2024.2/sdk/riscv-none-embed-gcc/bin/../lib/gcc/riscv-none-embed/10.2.0/rv32imc/ilp32\libgcc.a(_clz.o)
 .comment       0x0000000000000033       0x34 c:\lscc\propel\2024.2\sdk\riscv-none-embed-gcc\bin\../riscv-none-embed/picolibc/riscv-none-embed/lib/rv32imc/ilp32\libc.a(libc_tinystdio_printf.c.o)
 .comment       0x0000000000000033       0x34 c:\lscc\propel\2024.2\sdk\riscv-none-embed-gcc\bin\../riscv-none-embed/picolibc/riscv-none-embed/lib/rv32imc/ilp32\libc.a(libc_tinystdio_puts.c.o)
 .comment       0x0000000000000033       0x34 c:\lscc\propel\2024.2\sdk\riscv-none-embed-gcc\bin\../riscv-none-embed/picolibc/riscv-none-embed/lib/rv32imc/ilp32\libc.a(libc_tinystdio_sprintf.c.o)
 .comment       0x0000000000000033       0x34 c:\lscc\propel\2024.2\sdk\riscv-none-embed-gcc\bin\../riscv-none-embed/picolibc/riscv-none-embed/lib/rv32imc/ilp32\libc.a(libc_tinystdio_vfprintf.c.o)
 .comment       0x0000000000000033       0x34 c:\lscc\propel\2024.2\sdk\riscv-none-embed-gcc\bin\../riscv-none-embed/picolibc/riscv-none-embed/lib/rv32imc/ilp32\libc.a(libc_tinystdio_dtoa_ryu.c.o)
 .comment       0x0000000000000033       0x34 c:\lscc\propel\2024.2\sdk\riscv-none-embed-gcc\bin\../riscv-none-embed/picolibc/riscv-none-embed/lib/rv32imc/ilp32\libc.a(libc_tinystdio_ryu_table.c.o)
 .comment       0x0000000000000033       0x34 c:\lscc\propel\2024.2\sdk\riscv-none-embed-gcc\bin\../riscv-none-embed/picolibc/riscv-none-embed/lib/rv32imc/ilp32\libc.a(libc_tinystdio_ryu_log10.c.o)
 .comment       0x0000000000000033       0x34 c:\lscc\propel\2024.2\sdk\riscv-none-embed-gcc\bin\../riscv-none-embed/picolibc/riscv-none-embed/lib/rv32imc/ilp32\libc.a(libc_tinystdio_ryu_pow5bits.c.o)
 .comment       0x0000000000000033       0x34 c:\lscc\propel\2024.2\sdk\riscv-none-embed-gcc\bin\../riscv-none-embed/picolibc/riscv-none-embed/lib/rv32imc/ilp32\libc.a(libc_tinystdio_ryu_umul128.c.o)
 .comment       0x0000000000000033       0x34 c:\lscc\propel\2024.2\sdk\riscv-none-embed-gcc\bin\../riscv-none-embed/picolibc/riscv-none-embed/lib/rv32imc/ilp32\libc.a(memcpy.c.o)
 .comment       0x0000000000000033       0x34 c:\lscc\propel\2024.2\sdk\riscv-none-embed-gcc\bin\../riscv-none-embed/picolibc/riscv-none-embed/lib/rv32imc/ilp32\libc.a(strlen.c.o)
 .comment       0x0000000000000033       0x34 c:\lscc\propel\2024.2\sdk\riscv-none-embed-gcc\bin\../riscv-none-embed/picolibc/riscv-none-embed/lib/rv32imc/ilp32\libc.a(libc_string_strnlen.c.o)
 .comment       0x0000000000000033       0x34 c:\lscc\propel\2024.2\sdk\riscv-none-embed-gcc\bin\../riscv-none-embed/picolibc/riscv-none-embed/lib/rv32imc/ilp32\libc.a(libc_tinystdio_filestrput.c.o)
 .comment       0x0000000000000033       0x34 c:\lscc\propel\2024.2\sdk\riscv-none-embed-gcc\bin\../riscv-none-embed/picolibc/riscv-none-embed/lib/rv32imc/ilp32\libc.a(libc_tinystdio_fputc.c.o)
 .comment       0x0000000000000033       0x34 c:/lscc/propel/2024.2/sdk/riscv-none-embed-gcc/bin/../lib/gcc/riscv-none-embed/10.2.0/rv32imc/ilp32\libgcc.a(_lshrdi3.o)
 .comment       0x0000000000000033       0x34 c:/lscc/propel/2024.2/sdk/riscv-none-embed-gcc/bin/../lib/gcc/riscv-none-embed/10.2.0/rv32imc/ilp32\libgcc.a(_ashldi3.o)
 .comment       0x0000000000000033       0x34 c:/lscc/propel/2024.2/sdk/riscv-none-embed-gcc/bin/../lib/gcc/riscv-none-embed/10.2.0/rv32imc/ilp32\libgcc.a(_umoddi3.o)

.debug_frame    0x0000000000000000     0x16cc
 .debug_frame   0x0000000000000000       0x88 ./src/usbio/spi/lsc_spi.o
 .debug_frame   0x0000000000000088       0x38 ./src/usbio/spi/lsc_spi_req_mng.o
 .debug_frame   0x00000000000000c0       0x38 ./src/usbio/i2c/lsc_i2c_req_mng.o
 .debug_frame   0x00000000000000f8       0xd8 ./src/usbio/gpio/lsc_gpio.o
 .debug_frame   0x00000000000001d0       0xc4 ./src/bsp/driver/uart/uart.o
 .debug_frame   0x0000000000000294       0x2c ./src/bsp/driver/riscv_mc/exit.o
 .debug_frame   0x00000000000002c0       0x60 ./src/bsp/driver/riscv_mc/interrupt.o
 .debug_frame   0x0000000000000320       0x80 ./src/bsp/driver/riscv_mc/iob.o
 .debug_frame   0x00000000000003a0      0x180 ./src/bsp/driver/riscv_mc/pic.o
 .debug_frame   0x0000000000000520      0x130 ./src/bsp/driver/riscv_mc/reg_access.o
 .debug_frame   0x0000000000000650      0x22c ./src/bsp/driver/riscv_mc/timer.o
 .debug_frame   0x000000000000087c      0x124 ./src/bsp/driver/i2c_controller/i2c_master.o
 .debug_frame   0x00000000000009a0       0xb0 ./src/bsp/driver/gpio/gpio.o
 .debug_frame   0x0000000000000a50       0xac ./src/lsc_command.o
 .debug_frame   0x0000000000000afc      0x100 ./src/lsc_ctrl_xfer.o
 .debug_frame   0x0000000000000bfc      0x100 ./src/lsc_endpoint.o
 .debug_frame   0x0000000000000cfc       0xd8 ./src/lsc_ep0_handler.o
 .debug_frame   0x0000000000000dd4      0x16c ./src/lsc_ep_handler.o
 .debug_frame   0x0000000000000f40      0x1c8 ./src/lsc_intr.o
 .debug_frame   0x0000000000001108      0x128 ./src/lsc_reg_access.o
 .debug_frame   0x0000000000001230       0xb8 ./src/lsc_usb_ch9.o
 .debug_frame   0x00000000000012e8      0x14c ./src/lsc_usb_dev.o
 .debug_frame   0x0000000000001434       0x88 ./src/lsc_usb_event.o
 .debug_frame   0x00000000000014bc       0x38 ./src/lsc_usb_vendor.o
 .debug_frame   0x00000000000014f4      0x128 ./src/lscusb.o
 .debug_frame   0x000000000000161c       0xb0 ./src/main.o
